
*** Running vivado
    with args -log Top.vdi -applog -m64 -product Vivado -messageDb vivado.pb -mode batch -source Top.tcl -notrace



****** Vivado v2024.2 (64-bit)
  **** SW Build 5239630 on Fri Nov 08 22:35:27 MST 2024
  **** IP Build 5239520 on Sun Nov 10 16:12:51 MST 2024
  **** SharedData Build 5239561 on Fri Nov 08 14:39:27 MST 2024
  **** Start of session at: Tue May  5 20:49:46 2026
    ** Copyright 1986-2022 Xilinx, Inc. All Rights Reserved.
    ** Copyright 2022-2024 Advanced Micro Devices, Inc. All Rights Reserved.

source Top.tcl -notrace
Command: link_design -top Top -part xc7a100tcsg324-1
Design is defaulting to srcset: sources_1
Design is defaulting to constrset: constrs_1
INFO: [Device 21-403] Loading part xc7a100tcsg324-1
Netlist sorting complete. Time (s): cpu = 00:00:00 ; elapsed = 00:00:00.003 . Memory (MB): peak = 508.441 ; gain = 0.000
INFO: [Netlist 29-17] Analyzing 271 Unisim elements for replacement
INFO: [Netlist 29-28] Unisim Transformation completed in 0 CPU seconds
WARNING: [Netlist 29-101] Netlist 'Top' is not ideal for floorplanning, since the cellview 'clock_divider' contains a large number of primitives.  Please consider enabling hierarchy in synthesis if you want to do floorplanning.
INFO: [Project 1-479] Netlist was created with Vivado 2024.2
INFO: [Project 1-570] Preparing netlist for logic optimization
Parsing XDC File [C:/Users/night/Desktop/EECS443-FinalProject/waveform_generator/waveform_generator.srcs/constrs_1/imports/Nexys4_Board_Material/Nexys4DDR_Master.xdc]
Finished Parsing XDC File [C:/Users/night/Desktop/EECS443-FinalProject/waveform_generator/waveform_generator.srcs/constrs_1/imports/Nexys4_Board_Material/Nexys4DDR_Master.xdc]
INFO: [Opt 31-138] Pushed 0 inverter(s) to 0 load pin(s).
Netlist sorting complete. Time (s): cpu = 00:00:00 ; elapsed = 00:00:00.001 . Memory (MB): peak = 640.844 ; gain = 0.000
INFO: [Project 1-111] Unisim Transformation Summary:
No Unisim elements were transformed.

7 Infos, 1 Warnings, 0 Critical Warnings and 0 Errors encountered.
link_design completed successfully
Command: opt_design
Attempting to get a license for feature 'Implementation' and/or device 'xc7a100t'
INFO: [Common 17-349] Got license for feature 'Implementation' and/or device 'xc7a100t'
Running DRC as a precondition to command opt_design

Starting DRC Task
INFO: [DRC 23-27] Running DRC with 2 threads
INFO: [Project 1-461] DRC finished with 0 Errors
INFO: [Project 1-462] Please refer to the DRC report (report_drc) for more information.

Time (s): cpu = 00:00:01 ; elapsed = 00:00:00.580 . Memory (MB): peak = 675.879 ; gain = 30.055

Starting Cache Timing Information Task
INFO: [Timing 38-35] Done setting XDC timing constraints.
Ending Cache Timing Information Task | Checksum: 14e1951e0

Time (s): cpu = 00:00:04 ; elapsed = 00:00:04 . Memory (MB): peak = 1230.539 ; gain = 554.660

Starting Logic Optimization Task

Phase 1 Initialization

Phase 1.1 Core Generation And Design Setup
Phase 1.1 Core Generation And Design Setup | Checksum: 14e1951e0

Time (s): cpu = 00:00:00 ; elapsed = 00:00:00.001 . Memory (MB): peak = 1633.465 ; gain = 0.000

Phase 1.2 Setup Constraints And Sort Netlist
Phase 1.2 Setup Constraints And Sort Netlist | Checksum: 14e1951e0

Time (s): cpu = 00:00:00 ; elapsed = 00:00:00.002 . Memory (MB): peak = 1633.465 ; gain = 0.000
Phase 1 Initialization | Checksum: 14e1951e0

Time (s): cpu = 00:00:00 ; elapsed = 00:00:00.002 . Memory (MB): peak = 1633.465 ; gain = 0.000

Phase 2 Timer Update And Timing Data Collection

Phase 2.1 Timer Update
Phase 2.1 Timer Update | Checksum: 14e1951e0

Time (s): cpu = 00:00:00 ; elapsed = 00:00:00.020 . Memory (MB): peak = 1633.465 ; gain = 0.000

Phase 2.2 Timing Data Collection
Phase 2.2 Timing Data Collection | Checksum: 14e1951e0

Time (s): cpu = 00:00:00 ; elapsed = 00:00:00.025 . Memory (MB): peak = 1633.465 ; gain = 0.000
Phase 2 Timer Update And Timing Data Collection | Checksum: 14e1951e0

Time (s): cpu = 00:00:00 ; elapsed = 00:00:00.025 . Memory (MB): peak = 1633.465 ; gain = 0.000

Phase 3 Retarget
INFO: [Opt 31-1851] Number of loadless carry chains removed were: 0
INFO: [Opt 31-1834] Total Chains To Be Transformed Were: 0 AND Number of Transformed insts Created are: 0
INFO: [Opt 31-138] Pushed 0 inverter(s) to 0 load pin(s).
INFO: [Opt 31-49] Retargeted 0 cell(s).
Phase 3 Retarget | Checksum: 14e1951e0

Time (s): cpu = 00:00:00 ; elapsed = 00:00:00.031 . Memory (MB): peak = 1633.465 ; gain = 0.000
Retarget | Checksum: 14e1951e0
INFO: [Opt 31-389] Phase Retarget created 0 cells and removed 0 cells

Phase 4 Constant propagation
INFO: [Opt 31-138] Pushed 0 inverter(s) to 0 load pin(s).
Phase 4 Constant propagation | Checksum: 14e1951e0

Time (s): cpu = 00:00:00 ; elapsed = 00:00:00.035 . Memory (MB): peak = 1633.465 ; gain = 0.000
Constant propagation | Checksum: 14e1951e0
INFO: [Opt 31-389] Phase Constant propagation created 0 cells and removed 0 cells

Phase 5 Sweep
INFO: [Constraints 18-11670] Building netlist checker database with flags, 0x8
Done building netlist checker database: Time (s): cpu = 00:00:00 ; elapsed = 00:00:00 . Memory (MB): peak = 1633.465 ; gain = 0.000
Phase 5 Sweep | Checksum: 1806c42ce

Time (s): cpu = 00:00:00 ; elapsed = 00:00:00.043 . Memory (MB): peak = 1633.465 ; gain = 0.000
Sweep | Checksum: 1806c42ce
INFO: [Opt 31-389] Phase Sweep created 0 cells and removed 0 cells

Phase 6 BUFG optimization
Phase 6 BUFG optimization | Checksum: 1806c42ce

Time (s): cpu = 00:00:00 ; elapsed = 00:00:00.062 . Memory (MB): peak = 1633.465 ; gain = 0.000
BUFG optimization | Checksum: 1806c42ce
INFO: [Opt 31-662] Phase BUFG optimization created 0 cells of which 0 are BUFGs and removed 0 cells.

Phase 7 Shift Register Optimization
INFO: [Opt 31-1064] SRL Remap converted 0 SRLs to 0 registers and converted 0 registers of register chains to 0 SRLs
Phase 7 Shift Register Optimization | Checksum: 1806c42ce

Time (s): cpu = 00:00:00 ; elapsed = 00:00:00.063 . Memory (MB): peak = 1633.465 ; gain = 0.000
Shift Register Optimization | Checksum: 1806c42ce
INFO: [Opt 31-389] Phase Shift Register Optimization created 0 cells and removed 0 cells

Phase 8 Post Processing Netlist
Phase 8 Post Processing Netlist | Checksum: 1806c42ce

Time (s): cpu = 00:00:00 ; elapsed = 00:00:00.064 . Memory (MB): peak = 1633.465 ; gain = 0.000
Post Processing Netlist | Checksum: 1806c42ce
INFO: [Opt 31-389] Phase Post Processing Netlist created 0 cells and removed 0 cells

Phase 9 Finalization

Phase 9.1 Finalizing Design Cores and Updating Shapes
Phase 9.1 Finalizing Design Cores and Updating Shapes | Checksum: 14df38818

Time (s): cpu = 00:00:00 ; elapsed = 00:00:00.103 . Memory (MB): peak = 1633.465 ; gain = 0.000

Phase 9.2 Verifying Netlist Connectivity

Starting Connectivity Check Task

Time (s): cpu = 00:00:00 ; elapsed = 00:00:00.005 . Memory (MB): peak = 1633.465 ; gain = 0.000
Phase 9.2 Verifying Netlist Connectivity | Checksum: 14df38818

Time (s): cpu = 00:00:00 ; elapsed = 00:00:00.108 . Memory (MB): peak = 1633.465 ; gain = 0.000
Phase 9 Finalization | Checksum: 14df38818

Time (s): cpu = 00:00:00 ; elapsed = 00:00:00.108 . Memory (MB): peak = 1633.465 ; gain = 0.000
Opt_design Change Summary
=========================


-------------------------------------------------------------------------------------------------------------------------
|  Phase                        |  #Cells created  |  #Cells Removed  |  #Constrained objects preventing optimizations  |
-------------------------------------------------------------------------------------------------------------------------
|  Retarget                     |               0  |               0  |                                              0  |
|  Constant propagation         |               0  |               0  |                                              0  |
|  Sweep                        |               0  |               0  |                                              0  |
|  BUFG optimization            |               0  |               0  |                                              0  |
|  Shift Register Optimization  |               0  |               0  |                                              0  |
|  Post Processing Netlist      |               0  |               0  |                                              0  |
-------------------------------------------------------------------------------------------------------------------------


Ending Logic Optimization Task | Checksum: 14df38818

Time (s): cpu = 00:00:00 ; elapsed = 00:00:00.109 . Memory (MB): peak = 1633.465 ; gain = 0.000

Starting Power Optimization Task
INFO: [Pwropt 34-132] Skipping clock gating for clocks with a period < 2.00 ns.
Ending Power Optimization Task | Checksum: 14df38818

Time (s): cpu = 00:00:00 ; elapsed = 00:00:00.004 . Memory (MB): peak = 1633.465 ; gain = 0.000

Starting Final Cleanup Task
Ending Final Cleanup Task | Checksum: 14df38818

Time (s): cpu = 00:00:00 ; elapsed = 00:00:00 . Memory (MB): peak = 1633.465 ; gain = 0.000

Starting Netlist Obfuscation Task
Netlist sorting complete. Time (s): cpu = 00:00:00 ; elapsed = 00:00:00 . Memory (MB): peak = 1633.465 ; gain = 0.000
Ending Netlist Obfuscation Task | Checksum: 14df38818

Time (s): cpu = 00:00:00 ; elapsed = 00:00:00 . Memory (MB): peak = 1633.465 ; gain = 0.000
INFO: [Common 17-83] Releasing license: Implementation
27 Infos, 1 Warnings, 0 Critical Warnings and 0 Errors encountered.
opt_design completed successfully
opt_design: Time (s): cpu = 00:00:06 ; elapsed = 00:00:06 . Memory (MB): peak = 1633.465 ; gain = 987.641
INFO: [Vivado 12-24828] Executing command : report_drc -file Top_drc_opted.rpt -pb Top_drc_opted.pb -rpx Top_drc_opted.rpx
Command: report_drc -file Top_drc_opted.rpt -pb Top_drc_opted.pb -rpx Top_drc_opted.rpx
INFO: [IP_Flow 19-234] Refreshing IP repositories
INFO: [IP_Flow 19-1704] No user IP repositories specified
INFO: [IP_Flow 19-2313] Loaded Vivado IP repository 'C:/Xilinx/Vivado/2024.2/data/ip'.
INFO: [DRC 23-27] Running DRC with 2 threads
INFO: [Vivado_Tcl 2-168] The results of DRC are in file C:/Users/night/Desktop/EECS443-FinalProject/waveform_generator/waveform_generator.runs/impl_1/Top_drc_opted.rpt.
report_drc completed successfully
INFO: [Timing 38-480] Writing timing data to binary archive.
Write ShapeDB Complete: Time (s): cpu = 00:00:00 ; elapsed = 00:00:00.003 . Memory (MB): peak = 1633.465 ; gain = 0.000
Wrote PlaceDB: Time (s): cpu = 00:00:00 ; elapsed = 00:00:00 . Memory (MB): peak = 1633.465 ; gain = 0.000
Wrote PulsedLatchDB: Time (s): cpu = 00:00:00 ; elapsed = 00:00:00 . Memory (MB): peak = 1633.465 ; gain = 0.000
Writing XDEF routing.
Writing XDEF routing logical nets.
Writing XDEF routing special nets.
Wrote RouteStorage: Time (s): cpu = 00:00:00 ; elapsed = 00:00:00.010 . Memory (MB): peak = 1633.465 ; gain = 0.000
Wrote Netlist Cache: Time (s): cpu = 00:00:00 ; elapsed = 00:00:00 . Memory (MB): peak = 1633.465 ; gain = 0.000
Wrote Device Cache: Time (s): cpu = 00:00:00 ; elapsed = 00:00:00.004 . Memory (MB): peak = 1633.465 ; gain = 0.000
Write Physdb Complete: Time (s): cpu = 00:00:00 ; elapsed = 00:00:00.020 . Memory (MB): peak = 1633.465 ; gain = 0.000
INFO: [Common 17-1381] The checkpoint 'C:/Users/night/Desktop/EECS443-FinalProject/waveform_generator/waveform_generator.runs/impl_1/Top_opt.dcp' has been generated.
Command: place_design
Attempting to get a license for feature 'Implementation' and/or device 'xc7a100t'
INFO: [Common 17-349] Got license for feature 'Implementation' and/or device 'xc7a100t'
INFO: [Common 17-83] Releasing license: Implementation
INFO: [DRC 23-27] Running DRC with 2 threads
INFO: [Vivado_Tcl 4-198] DRC finished with 0 Errors
INFO: [Vivado_Tcl 4-199] Please refer to the DRC report (report_drc) for more information.
Running DRC as a precondition to command place_design
INFO: [DRC 23-27] Running DRC with 2 threads
INFO: [Vivado_Tcl 4-198] DRC finished with 0 Errors
INFO: [Vivado_Tcl 4-199] Please refer to the DRC report (report_drc) for more information.
INFO: [Place 30-611] Multithreading enabled for place_design using a maximum of 2 CPUs

Starting Placer Task

Phase 1 Placer Initialization

Phase 1.1 Placer Initialization Netlist Sorting
Netlist sorting complete. Time (s): cpu = 00:00:00 ; elapsed = 00:00:00 . Memory (MB): peak = 1633.465 ; gain = 0.000
Phase 1.1 Placer Initialization Netlist Sorting | Checksum: 106718a77

Time (s): cpu = 00:00:00 ; elapsed = 00:00:00.001 . Memory (MB): peak = 1633.465 ; gain = 0.000
Netlist sorting complete. Time (s): cpu = 00:00:00 ; elapsed = 00:00:00.001 . Memory (MB): peak = 1633.465 ; gain = 0.000

Phase 1.2 IO Placement/ Clock Placement/ Build Placer Device
INFO: [Timing 38-35] Done setting XDC timing constraints.
Phase 1.2 IO Placement/ Clock Placement/ Build Placer Device | Checksum: 1227e473a

Time (s): cpu = 00:00:00 ; elapsed = 00:00:00.169 . Memory (MB): peak = 1633.465 ; gain = 0.000

Phase 1.3 Build Placer Netlist Model
Phase 1.3 Build Placer Netlist Model | Checksum: 1bca11fe0

Time (s): cpu = 00:00:01 ; elapsed = 00:00:00.456 . Memory (MB): peak = 1633.465 ; gain = 0.000

Phase 1.4 Constrain Clocks/Macros
Phase 1.4 Constrain Clocks/Macros | Checksum: 1bca11fe0

Time (s): cpu = 00:00:01 ; elapsed = 00:00:00.458 . Memory (MB): peak = 1633.465 ; gain = 0.000
Phase 1 Placer Initialization | Checksum: 1bca11fe0

Time (s): cpu = 00:00:01 ; elapsed = 00:00:00.462 . Memory (MB): peak = 1633.465 ; gain = 0.000

Phase 2 Global Placement

Phase 2.1 Floorplanning
Phase 2.1 Floorplanning | Checksum: 19cbc908e

Time (s): cpu = 00:00:01 ; elapsed = 00:00:00.651 . Memory (MB): peak = 1633.465 ; gain = 0.000

Phase 2.2 Update Timing before SLR Path Opt
Phase 2.2 Update Timing before SLR Path Opt | Checksum: 17b882539

Time (s): cpu = 00:00:01 ; elapsed = 00:00:00.701 . Memory (MB): peak = 1633.465 ; gain = 0.000

Phase 2.3 Post-Processing in Floorplanning
Phase 2.3 Post-Processing in Floorplanning | Checksum: 17b882539

Time (s): cpu = 00:00:01 ; elapsed = 00:00:00.702 . Memory (MB): peak = 1633.465 ; gain = 0.000

Phase 2.4 Global Place Phase1
Phase 2.4 Global Place Phase1 | Checksum: 206d8912e

Time (s): cpu = 00:00:02 ; elapsed = 00:00:01 . Memory (MB): peak = 1633.465 ; gain = 0.000

Phase 2.5 Global Place Phase2

Phase 2.5.1 UpdateTiming Before Physical Synthesis
Phase 2.5.1 UpdateTiming Before Physical Synthesis | Checksum: 1a7861923

Time (s): cpu = 00:00:02 ; elapsed = 00:00:02 . Memory (MB): peak = 1633.465 ; gain = 0.000

Phase 2.5.2 Physical Synthesis In Placer
INFO: [Physopt 32-1044] Break lutnm for timing: one critical 0, two critical 0, total 0, new lutff created 0
INFO: [Physopt 32-1138] End 1 Pass. Optimized 0 net or LUT. Breaked 0 LUT, combined 0 existing LUT and moved 0 existing LUT
INFO: [Physopt 32-65] No nets found for high-fanout optimization.
INFO: [Physopt 32-232] Optimized 0 net. Created 0 new instance.
INFO: [Physopt 32-775] End 1 Pass. Optimized 0 net or cell. Created 0 new cell, deleted 0 existing cell and moved 0 existing cell
INFO: [Physopt 32-456] No candidate cells for DSP register optimization found in the design.
INFO: [Physopt 32-775] End 2 Pass. Optimized 0 net or cell. Created 0 new cell, deleted 0 existing cell and moved 0 existing cell
INFO: [Physopt 32-1123] No candidate cells found for Shift Register to Pipeline optimization
INFO: [Physopt 32-775] End 2 Pass. Optimized 0 net or cell. Created 0 new cell, deleted 0 existing cell and moved 0 existing cell
INFO: [Physopt 32-1401] No candidate cells found for Shift Register optimization.
INFO: [Physopt 32-677] No candidate cells for Shift Register optimization found in the design
INFO: [Physopt 32-775] End 1 Pass. Optimized 0 net or cell. Created 0 new cell, deleted 0 existing cell and moved 0 existing cell
INFO: [Physopt 32-526] No candidate cells for BRAM register optimization found in the design
INFO: [Physopt 32-775] End 1 Pass. Optimized 0 net or cell. Created 0 new cell, deleted 0 existing cell and moved 0 existing cell
INFO: [Physopt 32-846] No candidate cells for URAM register optimization found in the design
INFO: [Physopt 32-775] End 1 Pass. Optimized 0 net or cell. Created 0 new cell, deleted 0 existing cell and moved 0 existing cell
INFO: [Physopt 32-846] No candidate cells for URAM register optimization found in the design
INFO: [Physopt 32-775] End 1 Pass. Optimized 0 net or cell. Created 0 new cell, deleted 0 existing cell and moved 0 existing cell
INFO: [Physopt 32-949] No candidate nets found for dynamic/static region interface net replication
INFO: [Physopt 32-775] End 1 Pass. Optimized 0 net or cell. Created 0 new cell, deleted 0 existing cell and moved 0 existing cell
Netlist sorting complete. Time (s): cpu = 00:00:00 ; elapsed = 00:00:00 . Memory (MB): peak = 1633.465 ; gain = 0.000

Summary of Physical Synthesis Optimizations
============================================


-----------------------------------------------------------------------------------------------------------------------------------------------------------
|  Optimization                                     |  Added Cells  |  Removed Cells  |  Optimized Cells/Nets  |  Dont Touch  |  Iterations  |  Elapsed   |
-----------------------------------------------------------------------------------------------------------------------------------------------------------
|  LUT Combining                                    |            0  |              0  |                     0  |           0  |           1  |  00:00:00  |
|  Retime                                           |            0  |              0  |                     0  |           0  |           1  |  00:00:00  |
|  Very High Fanout                                 |            0  |              0  |                     0  |           0  |           1  |  00:00:00  |
|  DSP Register                                     |            0  |              0  |                     0  |           0  |           1  |  00:00:00  |
|  Shift Register to Pipeline                       |            0  |              0  |                     0  |           0  |           1  |  00:00:00  |
|  Shift Register                                   |            0  |              0  |                     0  |           0  |           1  |  00:00:00  |
|  BRAM Register                                    |            0  |              0  |                     0  |           0  |           1  |  00:00:00  |
|  URAM Register                                    |            0  |              0  |                     0  |           0  |           1  |  00:00:00  |
|  Dynamic/Static Region Interface Net Replication  |            0  |              0  |                     0  |           0  |           1  |  00:00:00  |
|  Total                                            |            0  |              0  |                     0  |           0  |           9  |  00:00:00  |
-----------------------------------------------------------------------------------------------------------------------------------------------------------


Phase 2.5.2 Physical Synthesis In Placer | Checksum: 1a7861923

Time (s): cpu = 00:00:03 ; elapsed = 00:00:02 . Memory (MB): peak = 1633.465 ; gain = 0.000
Phase 2.5 Global Place Phase2 | Checksum: 19da95eb6

Time (s): cpu = 00:00:03 ; elapsed = 00:00:02 . Memory (MB): peak = 1633.465 ; gain = 0.000
Phase 2 Global Placement | Checksum: 19da95eb6

Time (s): cpu = 00:00:03 ; elapsed = 00:00:02 . Memory (MB): peak = 1633.465 ; gain = 0.000

Phase 3 Detail Placement

Phase 3.1 Commit Multi Column Macros
Phase 3.1 Commit Multi Column Macros | Checksum: 1f8b3e8c4

Time (s): cpu = 00:00:03 ; elapsed = 00:00:02 . Memory (MB): peak = 1633.465 ; gain = 0.000

Phase 3.2 Commit Most Macros & LUTRAMs
Phase 3.2 Commit Most Macros & LUTRAMs | Checksum: 1d3e1b0bf

Time (s): cpu = 00:00:03 ; elapsed = 00:00:02 . Memory (MB): peak = 1633.465 ; gain = 0.000

Phase 3.3 Area Swap Optimization
Phase 3.3 Area Swap Optimization | Checksum: 1c169f8af

Time (s): cpu = 00:00:03 ; elapsed = 00:00:02 . Memory (MB): peak = 1633.465 ; gain = 0.000

Phase 3.4 Pipeline Register Optimization
Phase 3.4 Pipeline Register Optimization | Checksum: 27553cca0

Time (s): cpu = 00:00:03 ; elapsed = 00:00:02 . Memory (MB): peak = 1633.465 ; gain = 0.000

Phase 3.5 Fast Optimization
Phase 3.5 Fast Optimization | Checksum: 27553cca0

Time (s): cpu = 00:00:03 ; elapsed = 00:00:02 . Memory (MB): peak = 1633.465 ; gain = 0.000

Phase 3.6 Small Shape Detail Placement
Phase 3.6 Small Shape Detail Placement | Checksum: 13b8d49ab

Time (s): cpu = 00:00:03 ; elapsed = 00:00:02 . Memory (MB): peak = 1633.465 ; gain = 0.000

Phase 3.7 Re-assign LUT pins
Phase 3.7 Re-assign LUT pins | Checksum: 1c1f9e66b

Time (s): cpu = 00:00:03 ; elapsed = 00:00:02 . Memory (MB): peak = 1633.465 ; gain = 0.000

Phase 3.8 Pipeline Register Optimization
Phase 3.8 Pipeline Register Optimization | Checksum: 22e101a5a

Time (s): cpu = 00:00:03 ; elapsed = 00:00:02 . Memory (MB): peak = 1633.465 ; gain = 0.000

Phase 3.9 Fast Optimization
Phase 3.9 Fast Optimization | Checksum: 22e101a5a

Time (s): cpu = 00:00:04 ; elapsed = 00:00:02 . Memory (MB): peak = 1633.465 ; gain = 0.000
Phase 3 Detail Placement | Checksum: 22e101a5a

Time (s): cpu = 00:00:04 ; elapsed = 00:00:02 . Memory (MB): peak = 1633.465 ; gain = 0.000

Phase 4 Post Placement Optimization and Clean-Up

Phase 4.1 Post Commit Optimization
INFO: [Timing 38-35] Done setting XDC timing constraints.

Phase 4.1.1 Post Placement Optimization
Post Placement Optimization Initialization | Checksum: 23dc528d7

Phase 4.1.1.1 BUFG Insertion

Starting Physical Synthesis Task

Phase 1 Physical Synthesis Initialization
INFO: [Physopt 32-721] Multithreading enabled for phys_opt_design using a maximum of 2 CPUs
INFO: [Physopt 32-619] Estimated Timing Summary | WNS=-6.283 | TNS=-1887.870 |
Phase 1 Physical Synthesis Initialization | Checksum: 141c15498

Time (s): cpu = 00:00:00 ; elapsed = 00:00:00.021 . Memory (MB): peak = 1635.699 ; gain = 0.000
INFO: [Place 46-56] BUFG insertion identified 0 candidate nets. Inserted BUFG: 0, Replicated BUFG Driver: 0, Skipped due to Placement/Routing Conflicts: 0, Skipped due to Timing Degradation: 0, Skipped due to netlist editing failed: 0.
Ending Physical Synthesis Task | Checksum: 26feb2f8b

Time (s): cpu = 00:00:00 ; elapsed = 00:00:00.024 . Memory (MB): peak = 1635.699 ; gain = 0.000
Phase 4.1.1.1 BUFG Insertion | Checksum: 23dc528d7

Time (s): cpu = 00:00:04 ; elapsed = 00:00:03 . Memory (MB): peak = 1635.699 ; gain = 2.234

Phase 4.1.1.2 Post Placement Timing Optimization
INFO: [Place 30-746] Post Placement Timing Summary WNS=-6.108. For the most accurate timing information please run report_timing.
Phase 4.1.1.2 Post Placement Timing Optimization | Checksum: 1e7bffe45

Time (s): cpu = 00:00:07 ; elapsed = 00:00:06 . Memory (MB): peak = 1635.699 ; gain = 2.234

Time (s): cpu = 00:00:07 ; elapsed = 00:00:06 . Memory (MB): peak = 1635.699 ; gain = 2.234
Phase 4.1 Post Commit Optimization | Checksum: 1e7bffe45

Time (s): cpu = 00:00:07 ; elapsed = 00:00:06 . Memory (MB): peak = 1635.699 ; gain = 2.234

Phase 4.2 Post Placement Cleanup
Phase 4.2 Post Placement Cleanup | Checksum: 1e7bffe45

Time (s): cpu = 00:00:07 ; elapsed = 00:00:06 . Memory (MB): peak = 1635.699 ; gain = 2.234

Phase 4.3 Placer Reporting

Phase 4.3.1 Print Estimated Congestion
INFO: [Place 30-612] Post-Placement Estimated Congestion 
 ____________________________________________________
|           | Global Congestion | Short Congestion  |
| Direction | Region Size       | Region Size       |
|___________|___________________|___________________|
|      North|                4x4|                1x1|
|___________|___________________|___________________|
|      South|                2x2|                2x2|
|___________|___________________|___________________|
|       East|                1x1|                1x1|
|___________|___________________|___________________|
|       West|                1x1|                1x1|
|___________|___________________|___________________|

Phase 4.3.1 Print Estimated Congestion | Checksum: 1e7bffe45

Time (s): cpu = 00:00:07 ; elapsed = 00:00:06 . Memory (MB): peak = 1635.699 ; gain = 2.234
Phase 4.3 Placer Reporting | Checksum: 1e7bffe45

Time (s): cpu = 00:00:07 ; elapsed = 00:00:06 . Memory (MB): peak = 1635.699 ; gain = 2.234

Phase 4.4 Final Placement Cleanup
Netlist sorting complete. Time (s): cpu = 00:00:00 ; elapsed = 00:00:00.001 . Memory (MB): peak = 1635.699 ; gain = 0.000

Time (s): cpu = 00:00:07 ; elapsed = 00:00:06 . Memory (MB): peak = 1635.699 ; gain = 2.234
Phase 4 Post Placement Optimization and Clean-Up | Checksum: 1afe5233e

Time (s): cpu = 00:00:07 ; elapsed = 00:00:06 . Memory (MB): peak = 1635.699 ; gain = 2.234
Ending Placer Task | Checksum: 18cccdeb7

Time (s): cpu = 00:00:07 ; elapsed = 00:00:06 . Memory (MB): peak = 1635.699 ; gain = 2.234
71 Infos, 1 Warnings, 0 Critical Warnings and 0 Errors encountered.
place_design completed successfully
place_design: Time (s): cpu = 00:00:08 ; elapsed = 00:00:06 . Memory (MB): peak = 1635.699 ; gain = 2.234
INFO: [Vivado 12-24838] Running report commands "report_control_sets, report_io, report_utilization" in parallel.
Running report generation with 2 threads.
INFO: [Vivado 12-24828] Executing command : report_io -file Top_io_placed.rpt
report_io: Time (s): cpu = 00:00:00 ; elapsed = 00:00:00.022 . Memory (MB): peak = 1635.699 ; gain = 0.000
INFO: [Vivado 12-24828] Executing command : report_utilization -file Top_utilization_placed.rpt -pb Top_utilization_placed.pb
INFO: [Vivado 12-24828] Executing command : report_control_sets -verbose -file Top_control_sets_placed.rpt
report_control_sets: Time (s): cpu = 00:00:00 ; elapsed = 00:00:00.002 . Memory (MB): peak = 1635.699 ; gain = 0.000
INFO: [Timing 38-480] Writing timing data to binary archive.
Write ShapeDB Complete: Time (s): cpu = 00:00:00 ; elapsed = 00:00:00.002 . Memory (MB): peak = 1635.922 ; gain = 0.000
Wrote PlaceDB: Time (s): cpu = 00:00:00 ; elapsed = 00:00:00.044 . Memory (MB): peak = 1635.922 ; gain = 0.000
Wrote PulsedLatchDB: Time (s): cpu = 00:00:00 ; elapsed = 00:00:00 . Memory (MB): peak = 1635.922 ; gain = 0.000
Writing XDEF routing.
Writing XDEF routing logical nets.
Writing XDEF routing special nets.
Wrote RouteStorage: Time (s): cpu = 00:00:00 ; elapsed = 00:00:00.010 . Memory (MB): peak = 1635.922 ; gain = 0.000
Wrote Netlist Cache: Time (s): cpu = 00:00:00 ; elapsed = 00:00:00.002 . Memory (MB): peak = 1635.922 ; gain = 0.000
Wrote Device Cache: Time (s): cpu = 00:00:00 ; elapsed = 00:00:00.004 . Memory (MB): peak = 1635.922 ; gain = 0.000
Write Physdb Complete: Time (s): cpu = 00:00:00 ; elapsed = 00:00:00.066 . Memory (MB): peak = 1635.922 ; gain = 0.000
INFO: [Common 17-1381] The checkpoint 'C:/Users/night/Desktop/EECS443-FinalProject/waveform_generator/waveform_generator.runs/impl_1/Top_placed.dcp' has been generated.
Command: phys_opt_design
Attempting to get a license for feature 'Implementation' and/or device 'xc7a100t'
INFO: [Common 17-349] Got license for feature 'Implementation' and/or device 'xc7a100t'

Starting Initial Update Timing Task

Time (s): cpu = 00:00:00 ; elapsed = 00:00:00.055 . Memory (MB): peak = 1650.453 ; gain = 14.531
INFO: [Vivado_Tcl 4-1435] PhysOpt_Tcl_Interface Runtime Before Starting Physical Synthesis Task | CPU: 0.00s |  WALL: 0.07s
Netlist sorting complete. Time (s): cpu = 00:00:00 ; elapsed = 00:00:00.001 . Memory (MB): peak = 1650.453 ; gain = 0.000

Starting Physical Synthesis Task

Phase 1 Physical Synthesis Initialization
INFO: [Physopt 32-721] Multithreading enabled for phys_opt_design using a maximum of 2 CPUs
INFO: [Physopt 32-619] Estimated Timing Summary | WNS=-6.108 | TNS=-1838.108 |
Phase 1 Physical Synthesis Initialization | Checksum: 1145b3cc5

Time (s): cpu = 00:00:00 ; elapsed = 00:00:00.083 . Memory (MB): peak = 1650.453 ; gain = 0.000
INFO: [Physopt 32-619] Estimated Timing Summary | WNS=-6.108 | TNS=-1838.108 |

Phase 2 DSP Register Optimization
INFO: [Physopt 32-456] No candidate cells for DSP register optimization found in the design.
INFO: [Physopt 32-775] End 2 Pass. Optimized 0 net or cell. Created 0 new cell, deleted 0 existing cell and moved 0 existing cell
Phase 2 DSP Register Optimization | Checksum: 1145b3cc5

Time (s): cpu = 00:00:00 ; elapsed = 00:00:00.086 . Memory (MB): peak = 1650.453 ; gain = 0.000

Phase 3 Critical Path Optimization
INFO: [Physopt 32-619] Estimated Timing Summary | WNS=-6.108 | TNS=-1838.108 |
INFO: [Physopt 32-702] Processed net my_clock_divider/r_reg_reg[497]. Optimizations did not improve timing on the net.
INFO: [Physopt 32-81] Processed net my_clock_divider/r_reg_reg[1]. Replicated 1 times.
INFO: [Physopt 32-735] Processed net my_clock_divider/r_reg_reg[1]. Optimization improves timing on the net.
INFO: [Physopt 32-619] Estimated Timing Summary | WNS=-6.090 | TNS=-1837.291 |
INFO: [Physopt 32-702] Processed net my_clock_divider/r_reg_reg[1]. Optimizations did not improve timing on the net.
INFO: [Physopt 32-702] Processed net my_clock_divider/r_reg_reg[492]_i_1_n_0. Optimizations did not improve timing on the net.
INFO: [Physopt 32-702] Processed net my_clock_divider/r_reg_reg[488]_i_1_n_0. Optimizations did not improve timing on the net.
INFO: [Physopt 32-702] Processed net my_clock_divider/r_reg_reg[484]_i_1_n_0. Optimizations did not improve timing on the net.
INFO: [Physopt 32-702] Processed net my_clock_divider/r_reg_reg[480]_i_1_n_0. Optimizations did not improve timing on the net.
INFO: [Physopt 32-702] Processed net my_clock_divider/r_reg_reg[476]_i_1_n_0. Optimizations did not improve timing on the net.
INFO: [Physopt 32-702] Processed net my_clock_divider/r_reg_reg[472]_i_1_n_0. Optimizations did not improve timing on the net.
INFO: [Physopt 32-702] Processed net my_clock_divider/r_reg_reg[468]_i_1_n_0. Optimizations did not improve timing on the net.
INFO: [Physopt 32-702] Processed net my_clock_divider/r_reg_reg[464]_i_1_n_0. Optimizations did not improve timing on the net.
INFO: [Physopt 32-702] Processed net my_clock_divider/r_reg_reg[460]_i_1_n_0. Optimizations did not improve timing on the net.
INFO: [Physopt 32-702] Processed net my_clock_divider/r_reg_reg[456]_i_1_n_0. Optimizations did not improve timing on the net.
INFO: [Physopt 32-702] Processed net my_clock_divider/r_reg_reg[452]_i_1_n_0. Optimizations did not improve timing on the net.
INFO: [Physopt 32-702] Processed net my_clock_divider/r_reg_reg[448]_i_1_n_0. Optimizations did not improve timing on the net.
INFO: [Physopt 32-702] Processed net my_clock_divider/r_reg_reg[444]_i_1_n_0. Optimizations did not improve timing on the net.
INFO: [Physopt 32-702] Processed net my_clock_divider/r_reg_reg[440]_i_1_n_0. Optimizations did not improve timing on the net.
INFO: [Physopt 32-702] Processed net my_clock_divider/r_reg_reg[436]_i_1_n_0. Optimizations did not improve timing on the net.
INFO: [Physopt 32-702] Processed net my_clock_divider/r_reg_reg[432]_i_1_n_0. Optimizations did not improve timing on the net.
INFO: [Physopt 32-702] Processed net my_clock_divider/r_reg_reg[428]_i_1_n_0. Optimizations did not improve timing on the net.
INFO: [Physopt 32-702] Processed net my_clock_divider/r_reg_reg[424]_i_1_n_0. Optimizations did not improve timing on the net.
INFO: [Physopt 32-702] Processed net my_clock_divider/r_reg_reg[420]_i_1_n_0. Optimizations did not improve timing on the net.
INFO: [Physopt 32-702] Processed net my_clock_divider/r_reg_reg[416]_i_1_n_0. Optimizations did not improve timing on the net.
INFO: [Physopt 32-702] Processed net my_clock_divider/r_reg_reg[412]_i_1_n_0. Optimizations did not improve timing on the net.
INFO: [Physopt 32-702] Processed net my_clock_divider/r_reg_reg[408]_i_1_n_0. Optimizations did not improve timing on the net.
INFO: [Physopt 32-702] Processed net my_clock_divider/r_reg_reg[404]_i_1_n_0. Optimizations did not improve timing on the net.
INFO: [Physopt 32-702] Processed net my_clock_divider/r_reg_reg[400]_i_1_n_0. Optimizations did not improve timing on the net.
INFO: [Physopt 32-702] Processed net my_clock_divider/r_reg_reg[396]_i_1_n_0. Optimizations did not improve timing on the net.
INFO: [Physopt 32-702] Processed net my_clock_divider/r_reg_reg[392]_i_1_n_0. Optimizations did not improve timing on the net.
INFO: [Physopt 32-702] Processed net my_clock_divider/r_reg_reg[388]_i_1_n_0. Optimizations did not improve timing on the net.
INFO: [Physopt 32-702] Processed net my_clock_divider/r_reg_reg[384]_i_1_n_0. Optimizations did not improve timing on the net.
INFO: [Physopt 32-702] Processed net my_clock_divider/r_reg_reg[380]_i_1_n_0. Optimizations did not improve timing on the net.
INFO: [Physopt 32-702] Processed net my_clock_divider/r_reg_reg[376]_i_1_n_0. Optimizations did not improve timing on the net.
INFO: [Physopt 32-702] Processed net my_clock_divider/r_reg_reg[372]_i_1_n_0. Optimizations did not improve timing on the net.
INFO: [Physopt 32-702] Processed net my_clock_divider/r_reg_reg[368]_i_1_n_0. Optimizations did not improve timing on the net.
INFO: [Physopt 32-702] Processed net my_clock_divider/r_reg_reg[364]_i_1_n_0. Optimizations did not improve timing on the net.
INFO: [Physopt 32-702] Processed net my_clock_divider/r_reg_reg[360]_i_1_n_0. Optimizations did not improve timing on the net.
INFO: [Physopt 32-702] Processed net my_clock_divider/r_reg_reg[356]_i_1_n_0. Optimizations did not improve timing on the net.
INFO: [Physopt 32-702] Processed net my_clock_divider/r_reg_reg[352]_i_1_n_0. Optimizations did not improve timing on the net.
INFO: [Physopt 32-702] Processed net my_clock_divider/r_reg_reg[348]_i_1_n_0. Optimizations did not improve timing on the net.
INFO: [Physopt 32-702] Processed net my_clock_divider/r_reg_reg[344]_i_1_n_0. Optimizations did not improve timing on the net.
INFO: [Physopt 32-702] Processed net my_clock_divider/r_reg_reg[340]_i_1_n_0. Optimizations did not improve timing on the net.
INFO: [Physopt 32-702] Processed net my_clock_divider/r_reg_reg[336]_i_1_n_0. Optimizations did not improve timing on the net.
INFO: [Physopt 32-702] Processed net my_clock_divider/r_reg_reg[332]_i_1_n_0. Optimizations did not improve timing on the net.
INFO: [Physopt 32-702] Processed net my_clock_divider/r_reg_reg[328]_i_1_n_0. Optimizations did not improve timing on the net.
INFO: [Physopt 32-702] Processed net my_clock_divider/r_reg_reg[324]_i_1_n_0. Optimizations did not improve timing on the net.
INFO: [Physopt 32-702] Processed net my_clock_divider/r_reg_reg[320]_i_1_n_0. Optimizations did not improve timing on the net.
INFO: [Physopt 32-702] Processed net my_clock_divider/r_reg_reg[316]_i_1_n_0. Optimizations did not improve timing on the net.
INFO: [Physopt 32-702] Processed net my_clock_divider/r_reg_reg[312]_i_1_n_0. Optimizations did not improve timing on the net.
INFO: [Physopt 32-702] Processed net my_clock_divider/r_reg_reg[308]_i_1_n_0. Optimizations did not improve timing on the net.
INFO: [Physopt 32-702] Processed net my_clock_divider/r_reg_reg[304]_i_1_n_0. Optimizations did not improve timing on the net.
INFO: [Physopt 32-702] Processed net my_clock_divider/r_reg_reg[300]_i_1_n_0. Optimizations did not improve timing on the net.
INFO: [Physopt 32-702] Processed net my_clock_divider/r_reg_reg[296]_i_1_n_0. Optimizations did not improve timing on the net.
INFO: [Physopt 32-702] Processed net my_clock_divider/r_reg_reg[292]_i_1_n_0. Optimizations did not improve timing on the net.
INFO: [Physopt 32-702] Processed net my_clock_divider/r_reg_reg[288]_i_1_n_0. Optimizations did not improve timing on the net.
INFO: [Physopt 32-702] Processed net my_clock_divider/r_reg_reg[284]_i_1_n_0. Optimizations did not improve timing on the net.
INFO: [Physopt 32-702] Processed net my_clock_divider/r_reg_reg[280]_i_1_n_0. Optimizations did not improve timing on the net.
INFO: [Physopt 32-702] Processed net my_clock_divider/r_reg_reg[276]_i_1_n_0. Optimizations did not improve timing on the net.
INFO: [Physopt 32-702] Processed net my_clock_divider/r_reg_reg[272]_i_1_n_0. Optimizations did not improve timing on the net.
INFO: [Physopt 32-702] Processed net my_clock_divider/r_reg_reg[268]_i_1_n_0. Optimizations did not improve timing on the net.
INFO: [Physopt 32-702] Processed net my_clock_divider/r_reg_reg[264]_i_1_n_0. Optimizations did not improve timing on the net.
INFO: [Physopt 32-702] Processed net my_clock_divider/r_reg_reg[260]_i_1_n_0. Optimizations did not improve timing on the net.
INFO: [Physopt 32-702] Processed net my_clock_divider/r_reg_reg[256]_i_1_n_0. Optimizations did not improve timing on the net.
INFO: [Physopt 32-702] Processed net my_clock_divider/r_reg_reg[252]_i_1_n_0. Optimizations did not improve timing on the net.
INFO: [Physopt 32-702] Processed net my_clock_divider/r_reg_reg[248]_i_1_n_0. Optimizations did not improve timing on the net.
INFO: [Physopt 32-702] Processed net my_clock_divider/r_reg_reg[244]_i_1_n_0. Optimizations did not improve timing on the net.
INFO: [Physopt 32-702] Processed net my_clock_divider/r_reg_reg[240]_i_1_n_0. Optimizations did not improve timing on the net.
INFO: [Physopt 32-702] Processed net my_clock_divider/r_reg_reg[236]_i_1_n_0. Optimizations did not improve timing on the net.
INFO: [Physopt 32-702] Processed net my_clock_divider/r_reg_reg[232]_i_1_n_0. Optimizations did not improve timing on the net.
INFO: [Physopt 32-702] Processed net my_clock_divider/r_reg_reg[228]_i_1_n_0. Optimizations did not improve timing on the net.
INFO: [Physopt 32-702] Processed net my_clock_divider/r_reg_reg[224]_i_1_n_0. Optimizations did not improve timing on the net.
INFO: [Physopt 32-702] Processed net my_clock_divider/r_reg_reg[220]_i_1_n_0. Optimizations did not improve timing on the net.
INFO: [Physopt 32-702] Processed net my_clock_divider/r_reg_reg[216]_i_1_n_0. Optimizations did not improve timing on the net.
INFO: [Physopt 32-702] Processed net my_clock_divider/r_reg_reg[212]_i_1_n_0. Optimizations did not improve timing on the net.
INFO: [Physopt 32-702] Processed net my_clock_divider/r_reg_reg[208]_i_1_n_0. Optimizations did not improve timing on the net.
INFO: [Physopt 32-702] Processed net my_clock_divider/r_reg_reg[204]_i_1_n_0. Optimizations did not improve timing on the net.
INFO: [Physopt 32-702] Processed net my_clock_divider/r_reg_reg[200]_i_1_n_0. Optimizations did not improve timing on the net.
INFO: [Physopt 32-702] Processed net my_clock_divider/r_reg_reg[196]_i_1_n_0. Optimizations did not improve timing on the net.
INFO: [Physopt 32-702] Processed net my_clock_divider/r_reg_reg[192]_i_1_n_0. Optimizations did not improve timing on the net.
INFO: [Physopt 32-702] Processed net my_clock_divider/r_reg_reg[188]_i_1_n_0. Optimizations did not improve timing on the net.
INFO: [Physopt 32-702] Processed net my_clock_divider/r_reg_reg[184]_i_1_n_0. Optimizations did not improve timing on the net.
INFO: [Physopt 32-702] Processed net my_clock_divider/r_reg_reg[180]_i_1_n_0. Optimizations did not improve timing on the net.
INFO: [Physopt 32-702] Processed net my_clock_divider/r_reg_reg[176]_i_1_n_0. Optimizations did not improve timing on the net.
INFO: [Physopt 32-702] Processed net my_clock_divider/r_reg_reg[172]_i_1_n_0. Optimizations did not improve timing on the net.
INFO: [Physopt 32-702] Processed net my_clock_divider/r_reg_reg[168]_i_1_n_0. Optimizations did not improve timing on the net.
INFO: [Physopt 32-702] Processed net my_clock_divider/r_reg_reg[164]_i_1_n_0. Optimizations did not improve timing on the net.
INFO: [Physopt 32-702] Processed net my_clock_divider/r_reg_reg[160]_i_1_n_0. Optimizations did not improve timing on the net.
INFO: [Physopt 32-702] Processed net my_clock_divider/r_reg_reg[156]_i_1_n_0. Optimizations did not improve timing on the net.
INFO: [Physopt 32-702] Processed net my_clock_divider/r_reg_reg[152]_i_1_n_0. Optimizations did not improve timing on the net.
INFO: [Physopt 32-702] Processed net my_clock_divider/r_reg_reg[148]_i_1_n_0. Optimizations did not improve timing on the net.
INFO: [Physopt 32-702] Processed net my_clock_divider/r_reg_reg[144]_i_1_n_0. Optimizations did not improve timing on the net.
INFO: [Physopt 32-702] Processed net my_clock_divider/r_reg_reg[140]_i_1_n_0. Optimizations did not improve timing on the net.
INFO: [Physopt 32-702] Processed net my_clock_divider/r_reg_reg[136]_i_1_n_0. Optimizations did not improve timing on the net.
INFO: [Physopt 32-702] Processed net my_clock_divider/r_reg_reg[132]_i_1_n_0. Optimizations did not improve timing on the net.
INFO: [Physopt 32-702] Processed net my_clock_divider/r_reg_reg[128]_i_1_n_0. Optimizations did not improve timing on the net.
INFO: [Physopt 32-702] Processed net my_clock_divider/r_reg_reg[124]_i_1_n_0. Optimizations did not improve timing on the net.
INFO: [Physopt 32-702] Processed net my_clock_divider/r_reg_reg[120]_i_1_n_0. Optimizations did not improve timing on the net.
INFO: [Physopt 32-702] Processed net my_clock_divider/r_reg_reg[116]_i_1_n_0. Optimizations did not improve timing on the net.
INFO: [Physopt 32-702] Processed net my_clock_divider/r_reg_reg[112]_i_1_n_0. Optimizations did not improve timing on the net.
INFO: [Physopt 32-702] Processed net my_clock_divider/r_reg_reg[108]_i_1_n_0. Optimizations did not improve timing on the net.
INFO: [Physopt 32-702] Processed net my_clock_divider/r_reg_reg[104]_i_1_n_0. Optimizations did not improve timing on the net.
INFO: [Physopt 32-702] Processed net my_clock_divider/r_reg_reg[100]_i_1_n_0. Optimizations did not improve timing on the net.
INFO: [Physopt 32-702] Processed net my_clock_divider/r_reg_reg[96]_i_1_n_0. Optimizations did not improve timing on the net.
INFO: [Physopt 32-702] Processed net my_clock_divider/r_reg_reg[92]_i_1_n_0. Optimizations did not improve timing on the net.
INFO: [Physopt 32-702] Processed net my_clock_divider/r_reg_reg[88]_i_1_n_0. Optimizations did not improve timing on the net.
INFO: [Physopt 32-702] Processed net my_clock_divider/r_reg_reg[84]_i_1_n_0. Optimizations did not improve timing on the net.
INFO: [Physopt 32-702] Processed net my_clock_divider/r_reg_reg[80]_i_1_n_0. Optimizations did not improve timing on the net.
INFO: [Physopt 32-702] Processed net my_clock_divider/r_reg_reg[76]_i_1_n_0. Optimizations did not improve timing on the net.
INFO: [Physopt 32-702] Processed net my_clock_divider/r_reg_reg[72]_i_1_n_0. Optimizations did not improve timing on the net.
INFO: [Physopt 32-702] Processed net my_clock_divider/r_reg_reg[68]_i_1_n_0. Optimizations did not improve timing on the net.
INFO: [Physopt 32-702] Processed net my_clock_divider/r_reg_reg[64]_i_1_n_0. Optimizations did not improve timing on the net.
INFO: [Physopt 32-702] Processed net my_clock_divider/r_reg_reg[60]_i_1_n_0. Optimizations did not improve timing on the net.
INFO: [Physopt 32-702] Processed net my_clock_divider/r_reg_reg[56]_i_1_n_0. Optimizations did not improve timing on the net.
INFO: [Physopt 32-702] Processed net my_clock_divider/r_reg_reg[52]_i_1_n_0. Optimizations did not improve timing on the net.
INFO: [Physopt 32-702] Processed net my_clock_divider/r_reg_reg[48]_i_1_n_0. Optimizations did not improve timing on the net.
INFO: [Physopt 32-702] Processed net my_clock_divider/r_reg_reg[44]_i_1_n_0. Optimizations did not improve timing on the net.
INFO: [Physopt 32-702] Processed net my_clock_divider/r_reg_reg[40]_i_1_n_0. Optimizations did not improve timing on the net.
INFO: [Physopt 32-702] Processed net my_clock_divider/r_reg_reg[36]_i_1_n_0. Optimizations did not improve timing on the net.
INFO: [Physopt 32-702] Processed net my_clock_divider/r_reg_reg[32]_i_1_n_0. Optimizations did not improve timing on the net.
INFO: [Physopt 32-702] Processed net my_clock_divider/r_reg_reg[28]_i_1_n_0. Optimizations did not improve timing on the net.
INFO: [Physopt 32-702] Processed net my_clock_divider/r_reg_reg[24]_i_1_n_0. Optimizations did not improve timing on the net.
INFO: [Physopt 32-702] Processed net my_clock_divider/r_reg_reg[20]_i_1_n_0. Optimizations did not improve timing on the net.
INFO: [Physopt 32-702] Processed net my_clock_divider/r_reg_reg[16]_i_1_n_0. Optimizations did not improve timing on the net.
INFO: [Physopt 32-702] Processed net my_clock_divider/r_reg_reg[12]_i_1_n_0. Optimizations did not improve timing on the net.
INFO: [Physopt 32-702] Processed net my_clock_divider/r_reg_reg[8]_i_1_n_0. Optimizations did not improve timing on the net.
INFO: [Physopt 32-702] Processed net my_clock_divider/r_reg_reg[4]_i_1_n_0. Optimizations did not improve timing on the net.
INFO: [Physopt 32-702] Processed net my_clock_divider/r_reg_reg[0]_i_1_n_0. Optimizations did not improve timing on the net.
INFO: [Physopt 32-702] Processed net my_clock_divider/r_reg_reg[496]_i_1_n_6. Optimizations did not improve timing on the net.
INFO: [Physopt 32-702] Processed net clk_IBUF. Optimizations did not improve timing on the net.
INFO: [Physopt 32-702] Processed net clk. Optimizations did not improve timing on the net.
INFO: [Physopt 32-702] Processed net my_clock_divider/r_reg_reg[497]. Optimizations did not improve timing on the net.
INFO: [Physopt 32-702] Processed net my_clock_divider/r_reg_reg[1]. Optimizations did not improve timing on the net.
INFO: [Physopt 32-702] Processed net my_clock_divider/r_reg_reg[496]_i_1_n_6. Optimizations did not improve timing on the net.
INFO: [Physopt 32-702] Processed net clk_IBUF. Optimizations did not improve timing on the net.
INFO: [Physopt 32-702] Processed net clk. Optimizations did not improve timing on the net.
INFO: [Physopt 32-619] Estimated Timing Summary | WNS=-6.090 | TNS=-1837.291 |
Netlist sorting complete. Time (s): cpu = 00:00:00 ; elapsed = 00:00:00.004 . Memory (MB): peak = 1650.453 ; gain = 0.000
Phase 3 Critical Path Optimization | Checksum: 1145b3cc5

Time (s): cpu = 00:00:01 ; elapsed = 00:00:00.355 . Memory (MB): peak = 1650.453 ; gain = 0.000

Phase 4 Critical Path Optimization
INFO: [Physopt 32-619] Estimated Timing Summary | WNS=-6.090 | TNS=-1837.291 |
INFO: [Physopt 32-702] Processed net my_clock_divider/r_reg_reg[497]. Optimizations did not improve timing on the net.
INFO: [Physopt 32-702] Processed net my_clock_divider/r_reg_reg[1]. Optimizations did not improve timing on the net.
INFO: [Physopt 32-702] Processed net my_clock_divider/r_reg_reg[492]_i_1_n_0. Optimizations did not improve timing on the net.
INFO: [Physopt 32-702] Processed net my_clock_divider/r_reg_reg[488]_i_1_n_0. Optimizations did not improve timing on the net.
INFO: [Physopt 32-702] Processed net my_clock_divider/r_reg_reg[484]_i_1_n_0. Optimizations did not improve timing on the net.
INFO: [Physopt 32-702] Processed net my_clock_divider/r_reg_reg[480]_i_1_n_0. Optimizations did not improve timing on the net.
INFO: [Physopt 32-702] Processed net my_clock_divider/r_reg_reg[476]_i_1_n_0. Optimizations did not improve timing on the net.
INFO: [Physopt 32-702] Processed net my_clock_divider/r_reg_reg[472]_i_1_n_0. Optimizations did not improve timing on the net.
INFO: [Physopt 32-702] Processed net my_clock_divider/r_reg_reg[468]_i_1_n_0. Optimizations did not improve timing on the net.
INFO: [Physopt 32-702] Processed net my_clock_divider/r_reg_reg[464]_i_1_n_0. Optimizations did not improve timing on the net.
INFO: [Physopt 32-702] Processed net my_clock_divider/r_reg_reg[460]_i_1_n_0. Optimizations did not improve timing on the net.
INFO: [Physopt 32-702] Processed net my_clock_divider/r_reg_reg[456]_i_1_n_0. Optimizations did not improve timing on the net.
INFO: [Physopt 32-702] Processed net my_clock_divider/r_reg_reg[452]_i_1_n_0. Optimizations did not improve timing on the net.
INFO: [Physopt 32-702] Processed net my_clock_divider/r_reg_reg[448]_i_1_n_0. Optimizations did not improve timing on the net.
INFO: [Physopt 32-702] Processed net my_clock_divider/r_reg_reg[444]_i_1_n_0. Optimizations did not improve timing on the net.
INFO: [Physopt 32-702] Processed net my_clock_divider/r_reg_reg[440]_i_1_n_0. Optimizations did not improve timing on the net.
INFO: [Physopt 32-702] Processed net my_clock_divider/r_reg_reg[436]_i_1_n_0. Optimizations did not improve timing on the net.
INFO: [Physopt 32-702] Processed net my_clock_divider/r_reg_reg[432]_i_1_n_0. Optimizations did not improve timing on the net.
INFO: [Physopt 32-702] Processed net my_clock_divider/r_reg_reg[428]_i_1_n_0. Optimizations did not improve timing on the net.
INFO: [Physopt 32-702] Processed net my_clock_divider/r_reg_reg[424]_i_1_n_0. Optimizations did not improve timing on the net.
INFO: [Physopt 32-702] Processed net my_clock_divider/r_reg_reg[420]_i_1_n_0. Optimizations did not improve timing on the net.
INFO: [Physopt 32-702] Processed net my_clock_divider/r_reg_reg[416]_i_1_n_0. Optimizations did not improve timing on the net.
INFO: [Physopt 32-702] Processed net my_clock_divider/r_reg_reg[412]_i_1_n_0. Optimizations did not improve timing on the net.
INFO: [Physopt 32-702] Processed net my_clock_divider/r_reg_reg[408]_i_1_n_0. Optimizations did not improve timing on the net.
INFO: [Physopt 32-702] Processed net my_clock_divider/r_reg_reg[404]_i_1_n_0. Optimizations did not improve timing on the net.
INFO: [Physopt 32-702] Processed net my_clock_divider/r_reg_reg[400]_i_1_n_0. Optimizations did not improve timing on the net.
INFO: [Physopt 32-702] Processed net my_clock_divider/r_reg_reg[396]_i_1_n_0. Optimizations did not improve timing on the net.
INFO: [Physopt 32-702] Processed net my_clock_divider/r_reg_reg[392]_i_1_n_0. Optimizations did not improve timing on the net.
INFO: [Physopt 32-702] Processed net my_clock_divider/r_reg_reg[388]_i_1_n_0. Optimizations did not improve timing on the net.
INFO: [Physopt 32-702] Processed net my_clock_divider/r_reg_reg[384]_i_1_n_0. Optimizations did not improve timing on the net.
INFO: [Physopt 32-702] Processed net my_clock_divider/r_reg_reg[380]_i_1_n_0. Optimizations did not improve timing on the net.
INFO: [Physopt 32-702] Processed net my_clock_divider/r_reg_reg[376]_i_1_n_0. Optimizations did not improve timing on the net.
INFO: [Physopt 32-702] Processed net my_clock_divider/r_reg_reg[372]_i_1_n_0. Optimizations did not improve timing on the net.
INFO: [Physopt 32-702] Processed net my_clock_divider/r_reg_reg[368]_i_1_n_0. Optimizations did not improve timing on the net.
INFO: [Physopt 32-702] Processed net my_clock_divider/r_reg_reg[364]_i_1_n_0. Optimizations did not improve timing on the net.
INFO: [Physopt 32-702] Processed net my_clock_divider/r_reg_reg[360]_i_1_n_0. Optimizations did not improve timing on the net.
INFO: [Physopt 32-702] Processed net my_clock_divider/r_reg_reg[356]_i_1_n_0. Optimizations did not improve timing on the net.
INFO: [Physopt 32-702] Processed net my_clock_divider/r_reg_reg[352]_i_1_n_0. Optimizations did not improve timing on the net.
INFO: [Physopt 32-702] Processed net my_clock_divider/r_reg_reg[348]_i_1_n_0. Optimizations did not improve timing on the net.
INFO: [Physopt 32-702] Processed net my_clock_divider/r_reg_reg[344]_i_1_n_0. Optimizations did not improve timing on the net.
INFO: [Physopt 32-702] Processed net my_clock_divider/r_reg_reg[340]_i_1_n_0. Optimizations did not improve timing on the net.
INFO: [Physopt 32-702] Processed net my_clock_divider/r_reg_reg[336]_i_1_n_0. Optimizations did not improve timing on the net.
INFO: [Physopt 32-702] Processed net my_clock_divider/r_reg_reg[332]_i_1_n_0. Optimizations did not improve timing on the net.
INFO: [Physopt 32-702] Processed net my_clock_divider/r_reg_reg[328]_i_1_n_0. Optimizations did not improve timing on the net.
INFO: [Physopt 32-702] Processed net my_clock_divider/r_reg_reg[324]_i_1_n_0. Optimizations did not improve timing on the net.
INFO: [Physopt 32-702] Processed net my_clock_divider/r_reg_reg[320]_i_1_n_0. Optimizations did not improve timing on the net.
INFO: [Physopt 32-702] Processed net my_clock_divider/r_reg_reg[316]_i_1_n_0. Optimizations did not improve timing on the net.
INFO: [Physopt 32-702] Processed net my_clock_divider/r_reg_reg[312]_i_1_n_0. Optimizations did not improve timing on the net.
INFO: [Physopt 32-702] Processed net my_clock_divider/r_reg_reg[308]_i_1_n_0. Optimizations did not improve timing on the net.
INFO: [Physopt 32-702] Processed net my_clock_divider/r_reg_reg[304]_i_1_n_0. Optimizations did not improve timing on the net.
INFO: [Physopt 32-702] Processed net my_clock_divider/r_reg_reg[300]_i_1_n_0. Optimizations did not improve timing on the net.
INFO: [Physopt 32-702] Processed net my_clock_divider/r_reg_reg[296]_i_1_n_0. Optimizations did not improve timing on the net.
INFO: [Physopt 32-702] Processed net my_clock_divider/r_reg_reg[292]_i_1_n_0. Optimizations did not improve timing on the net.
INFO: [Physopt 32-702] Processed net my_clock_divider/r_reg_reg[288]_i_1_n_0. Optimizations did not improve timing on the net.
INFO: [Physopt 32-702] Processed net my_clock_divider/r_reg_reg[284]_i_1_n_0. Optimizations did not improve timing on the net.
INFO: [Physopt 32-702] Processed net my_clock_divider/r_reg_reg[280]_i_1_n_0. Optimizations did not improve timing on the net.
INFO: [Physopt 32-702] Processed net my_clock_divider/r_reg_reg[276]_i_1_n_0. Optimizations did not improve timing on the net.
INFO: [Physopt 32-702] Processed net my_clock_divider/r_reg_reg[272]_i_1_n_0. Optimizations did not improve timing on the net.
INFO: [Physopt 32-702] Processed net my_clock_divider/r_reg_reg[268]_i_1_n_0. Optimizations did not improve timing on the net.
INFO: [Physopt 32-702] Processed net my_clock_divider/r_reg_reg[264]_i_1_n_0. Optimizations did not improve timing on the net.
INFO: [Physopt 32-702] Processed net my_clock_divider/r_reg_reg[260]_i_1_n_0. Optimizations did not improve timing on the net.
INFO: [Physopt 32-702] Processed net my_clock_divider/r_reg_reg[256]_i_1_n_0. Optimizations did not improve timing on the net.
INFO: [Physopt 32-702] Processed net my_clock_divider/r_reg_reg[252]_i_1_n_0. Optimizations did not improve timing on the net.
INFO: [Physopt 32-702] Processed net my_clock_divider/r_reg_reg[248]_i_1_n_0. Optimizations did not improve timing on the net.
INFO: [Physopt 32-702] Processed net my_clock_divider/r_reg_reg[244]_i_1_n_0. Optimizations did not improve timing on the net.
INFO: [Physopt 32-702] Processed net my_clock_divider/r_reg_reg[240]_i_1_n_0. Optimizations did not improve timing on the net.
INFO: [Physopt 32-702] Processed net my_clock_divider/r_reg_reg[236]_i_1_n_0. Optimizations did not improve timing on the net.
INFO: [Physopt 32-702] Processed net my_clock_divider/r_reg_reg[232]_i_1_n_0. Optimizations did not improve timing on the net.
INFO: [Physopt 32-702] Processed net my_clock_divider/r_reg_reg[228]_i_1_n_0. Optimizations did not improve timing on the net.
INFO: [Physopt 32-702] Processed net my_clock_divider/r_reg_reg[224]_i_1_n_0. Optimizations did not improve timing on the net.
INFO: [Physopt 32-702] Processed net my_clock_divider/r_reg_reg[220]_i_1_n_0. Optimizations did not improve timing on the net.
INFO: [Physopt 32-702] Processed net my_clock_divider/r_reg_reg[216]_i_1_n_0. Optimizations did not improve timing on the net.
INFO: [Physopt 32-702] Processed net my_clock_divider/r_reg_reg[212]_i_1_n_0. Optimizations did not improve timing on the net.
INFO: [Physopt 32-702] Processed net my_clock_divider/r_reg_reg[208]_i_1_n_0. Optimizations did not improve timing on the net.
INFO: [Physopt 32-702] Processed net my_clock_divider/r_reg_reg[204]_i_1_n_0. Optimizations did not improve timing on the net.
INFO: [Physopt 32-702] Processed net my_clock_divider/r_reg_reg[200]_i_1_n_0. Optimizations did not improve timing on the net.
INFO: [Physopt 32-702] Processed net my_clock_divider/r_reg_reg[196]_i_1_n_0. Optimizations did not improve timing on the net.
INFO: [Physopt 32-702] Processed net my_clock_divider/r_reg_reg[192]_i_1_n_0. Optimizations did not improve timing on the net.
INFO: [Physopt 32-702] Processed net my_clock_divider/r_reg_reg[188]_i_1_n_0. Optimizations did not improve timing on the net.
INFO: [Physopt 32-702] Processed net my_clock_divider/r_reg_reg[184]_i_1_n_0. Optimizations did not improve timing on the net.
INFO: [Physopt 32-702] Processed net my_clock_divider/r_reg_reg[180]_i_1_n_0. Optimizations did not improve timing on the net.
INFO: [Physopt 32-702] Processed net my_clock_divider/r_reg_reg[176]_i_1_n_0. Optimizations did not improve timing on the net.
INFO: [Physopt 32-702] Processed net my_clock_divider/r_reg_reg[172]_i_1_n_0. Optimizations did not improve timing on the net.
INFO: [Physopt 32-702] Processed net my_clock_divider/r_reg_reg[168]_i_1_n_0. Optimizations did not improve timing on the net.
INFO: [Physopt 32-702] Processed net my_clock_divider/r_reg_reg[164]_i_1_n_0. Optimizations did not improve timing on the net.
INFO: [Physopt 32-702] Processed net my_clock_divider/r_reg_reg[160]_i_1_n_0. Optimizations did not improve timing on the net.
INFO: [Physopt 32-702] Processed net my_clock_divider/r_reg_reg[156]_i_1_n_0. Optimizations did not improve timing on the net.
INFO: [Physopt 32-702] Processed net my_clock_divider/r_reg_reg[152]_i_1_n_0. Optimizations did not improve timing on the net.
INFO: [Physopt 32-702] Processed net my_clock_divider/r_reg_reg[148]_i_1_n_0. Optimizations did not improve timing on the net.
INFO: [Physopt 32-702] Processed net my_clock_divider/r_reg_reg[144]_i_1_n_0. Optimizations did not improve timing on the net.
INFO: [Physopt 32-702] Processed net my_clock_divider/r_reg_reg[140]_i_1_n_0. Optimizations did not improve timing on the net.
INFO: [Physopt 32-702] Processed net my_clock_divider/r_reg_reg[136]_i_1_n_0. Optimizations did not improve timing on the net.
INFO: [Physopt 32-702] Processed net my_clock_divider/r_reg_reg[132]_i_1_n_0. Optimizations did not improve timing on the net.
INFO: [Physopt 32-702] Processed net my_clock_divider/r_reg_reg[128]_i_1_n_0. Optimizations did not improve timing on the net.
INFO: [Physopt 32-702] Processed net my_clock_divider/r_reg_reg[124]_i_1_n_0. Optimizations did not improve timing on the net.
INFO: [Physopt 32-702] Processed net my_clock_divider/r_reg_reg[120]_i_1_n_0. Optimizations did not improve timing on the net.
INFO: [Physopt 32-702] Processed net my_clock_divider/r_reg_reg[116]_i_1_n_0. Optimizations did not improve timing on the net.
INFO: [Physopt 32-702] Processed net my_clock_divider/r_reg_reg[112]_i_1_n_0. Optimizations did not improve timing on the net.
INFO: [Physopt 32-702] Processed net my_clock_divider/r_reg_reg[108]_i_1_n_0. Optimizations did not improve timing on the net.
INFO: [Physopt 32-702] Processed net my_clock_divider/r_reg_reg[104]_i_1_n_0. Optimizations did not improve timing on the net.
INFO: [Physopt 32-702] Processed net my_clock_divider/r_reg_reg[100]_i_1_n_0. Optimizations did not improve timing on the net.
INFO: [Physopt 32-702] Processed net my_clock_divider/r_reg_reg[96]_i_1_n_0. Optimizations did not improve timing on the net.
INFO: [Physopt 32-702] Processed net my_clock_divider/r_reg_reg[92]_i_1_n_0. Optimizations did not improve timing on the net.
INFO: [Physopt 32-702] Processed net my_clock_divider/r_reg_reg[88]_i_1_n_0. Optimizations did not improve timing on the net.
INFO: [Physopt 32-702] Processed net my_clock_divider/r_reg_reg[84]_i_1_n_0. Optimizations did not improve timing on the net.
INFO: [Physopt 32-702] Processed net my_clock_divider/r_reg_reg[80]_i_1_n_0. Optimizations did not improve timing on the net.
INFO: [Physopt 32-702] Processed net my_clock_divider/r_reg_reg[76]_i_1_n_0. Optimizations did not improve timing on the net.
INFO: [Physopt 32-702] Processed net my_clock_divider/r_reg_reg[72]_i_1_n_0. Optimizations did not improve timing on the net.
INFO: [Physopt 32-702] Processed net my_clock_divider/r_reg_reg[68]_i_1_n_0. Optimizations did not improve timing on the net.
INFO: [Physopt 32-702] Processed net my_clock_divider/r_reg_reg[64]_i_1_n_0. Optimizations did not improve timing on the net.
INFO: [Physopt 32-702] Processed net my_clock_divider/r_reg_reg[60]_i_1_n_0. Optimizations did not improve timing on the net.
INFO: [Physopt 32-702] Processed net my_clock_divider/r_reg_reg[56]_i_1_n_0. Optimizations did not improve timing on the net.
INFO: [Physopt 32-702] Processed net my_clock_divider/r_reg_reg[52]_i_1_n_0. Optimizations did not improve timing on the net.
INFO: [Physopt 32-702] Processed net my_clock_divider/r_reg_reg[48]_i_1_n_0. Optimizations did not improve timing on the net.
INFO: [Physopt 32-702] Processed net my_clock_divider/r_reg_reg[44]_i_1_n_0. Optimizations did not improve timing on the net.
INFO: [Physopt 32-702] Processed net my_clock_divider/r_reg_reg[40]_i_1_n_0. Optimizations did not improve timing on the net.
INFO: [Physopt 32-702] Processed net my_clock_divider/r_reg_reg[36]_i_1_n_0. Optimizations did not improve timing on the net.
INFO: [Physopt 32-702] Processed net my_clock_divider/r_reg_reg[32]_i_1_n_0. Optimizations did not improve timing on the net.
INFO: [Physopt 32-702] Processed net my_clock_divider/r_reg_reg[28]_i_1_n_0. Optimizations did not improve timing on the net.
INFO: [Physopt 32-702] Processed net my_clock_divider/r_reg_reg[24]_i_1_n_0. Optimizations did not improve timing on the net.
INFO: [Physopt 32-702] Processed net my_clock_divider/r_reg_reg[20]_i_1_n_0. Optimizations did not improve timing on the net.
INFO: [Physopt 32-702] Processed net my_clock_divider/r_reg_reg[16]_i_1_n_0. Optimizations did not improve timing on the net.
INFO: [Physopt 32-702] Processed net my_clock_divider/r_reg_reg[12]_i_1_n_0. Optimizations did not improve timing on the net.
INFO: [Physopt 32-702] Processed net my_clock_divider/r_reg_reg[8]_i_1_n_0. Optimizations did not improve timing on the net.
INFO: [Physopt 32-702] Processed net my_clock_divider/r_reg_reg[4]_i_1_n_0. Optimizations did not improve timing on the net.
INFO: [Physopt 32-702] Processed net my_clock_divider/r_reg_reg[0]_i_1_n_0. Optimizations did not improve timing on the net.
INFO: [Physopt 32-702] Processed net my_clock_divider/r_reg_reg[496]_i_1_n_6. Optimizations did not improve timing on the net.
INFO: [Physopt 32-702] Processed net clk_IBUF. Optimizations did not improve timing on the net.
INFO: [Physopt 32-702] Processed net clk. Optimizations did not improve timing on the net.
INFO: [Physopt 32-702] Processed net my_clock_divider/r_reg_reg[497]. Optimizations did not improve timing on the net.
INFO: [Physopt 32-702] Processed net my_clock_divider/r_reg_reg[1]. Optimizations did not improve timing on the net.
INFO: [Physopt 32-702] Processed net my_clock_divider/r_reg_reg[496]_i_1_n_6. Optimizations did not improve timing on the net.
INFO: [Physopt 32-702] Processed net clk_IBUF. Optimizations did not improve timing on the net.
INFO: [Physopt 32-702] Processed net clk. Optimizations did not improve timing on the net.
INFO: [Physopt 32-619] Estimated Timing Summary | WNS=-6.090 | TNS=-1837.291 |
Netlist sorting complete. Time (s): cpu = 00:00:00 ; elapsed = 00:00:00 . Memory (MB): peak = 1650.453 ; gain = 0.000
Phase 4 Critical Path Optimization | Checksum: 1145b3cc5

Time (s): cpu = 00:00:01 ; elapsed = 00:00:00.456 . Memory (MB): peak = 1650.453 ; gain = 0.000
Netlist sorting complete. Time (s): cpu = 00:00:00 ; elapsed = 00:00:00 . Memory (MB): peak = 1650.453 ; gain = 0.000
INFO: [Physopt 32-603] Post Physical Optimization Timing Summary | WNS=-6.090 | TNS=-1837.291 |

Summary of Physical Synthesis Optimizations
============================================


-------------------------------------------------------------------------------------------------------------------------------------------------------------
|  Optimization   |  WNS Gain (ns)  |  TNS Gain (ns)  |  Added Cells  |  Removed Cells  |  Optimized Cells/Nets  |  Dont Touch  |  Iterations  |  Elapsed   |
-------------------------------------------------------------------------------------------------------------------------------------------------------------
|  DSP Register   |          0.000  |          0.000  |            0  |              0  |                     0  |           0  |           1  |  00:00:00  |
|  Critical Path  |          0.018  |          0.817  |            1  |              0  |                     1  |           0  |           2  |  00:00:00  |
|  Total          |          0.018  |          0.817  |            1  |              0  |                     1  |           0  |           3  |  00:00:00  |
-------------------------------------------------------------------------------------------------------------------------------------------------------------


Netlist sorting complete. Time (s): cpu = 00:00:00 ; elapsed = 00:00:00 . Memory (MB): peak = 1650.453 ; gain = 0.000
Ending Physical Synthesis Task | Checksum: 26f5a610a

Time (s): cpu = 00:00:01 ; elapsed = 00:00:00.461 . Memory (MB): peak = 1650.453 ; gain = 0.000
INFO: [Common 17-83] Releasing license: Implementation
361 Infos, 1 Warnings, 0 Critical Warnings and 0 Errors encountered.
phys_opt_design completed successfully
INFO: [Timing 38-480] Writing timing data to binary archive.
Write ShapeDB Complete: Time (s): cpu = 00:00:00 ; elapsed = 00:00:00.002 . Memory (MB): peak = 1668.297 ; gain = 0.023
Wrote PlaceDB: Time (s): cpu = 00:00:00 ; elapsed = 00:00:00.042 . Memory (MB): peak = 1668.297 ; gain = 0.000
Wrote PulsedLatchDB: Time (s): cpu = 00:00:00 ; elapsed = 00:00:00.001 . Memory (MB): peak = 1668.297 ; gain = 0.000
Writing XDEF routing.
Writing XDEF routing logical nets.
Writing XDEF routing special nets.
Wrote RouteStorage: Time (s): cpu = 00:00:00 ; elapsed = 00:00:00.010 . Memory (MB): peak = 1668.297 ; gain = 0.000
Wrote Netlist Cache: Time (s): cpu = 00:00:00 ; elapsed = 00:00:00.002 . Memory (MB): peak = 1668.297 ; gain = 0.000
Wrote Device Cache: Time (s): cpu = 00:00:00 ; elapsed = 00:00:00.003 . Memory (MB): peak = 1668.297 ; gain = 0.000
Write Physdb Complete: Time (s): cpu = 00:00:00 ; elapsed = 00:00:00.061 . Memory (MB): peak = 1668.297 ; gain = 0.000
INFO: [Common 17-1381] The checkpoint 'C:/Users/night/Desktop/EECS443-FinalProject/waveform_generator/waveform_generator.runs/impl_1/Top_physopt.dcp' has been generated.
Command: route_design
Attempting to get a license for feature 'Implementation' and/or device 'xc7a100t'
INFO: [Common 17-349] Got license for feature 'Implementation' and/or device 'xc7a100t'
INFO: [DRC 23-27] Running DRC with 2 threads
INFO: [Vivado_Tcl 4-198] DRC finished with 0 Errors
INFO: [Vivado_Tcl 4-199] Please refer to the DRC report (report_drc) for more information.


Starting Routing Task
INFO: [Route 35-254] Multithreading enabled for route_design using a maximum of 2 CPUs

Phase 1 Build RT Design
Checksum: PlaceDB: a061c8f1 ConstDB: 0 ShapeSum: 62e51f92 RouteDB: b1d25f96
Post Restoration Checksum: NetGraph: 119b6af9 | NumContArr: 74e08ce1 | Constraints: c2a8fa9d | Timing: c2a8fa9d
Phase 1 Build RT Design | Checksum: 20bcded14

Time (s): cpu = 00:00:15 ; elapsed = 00:00:15 . Memory (MB): peak = 1798.523 ; gain = 118.867

Phase 2 Router Initialization

Phase 2.1 Fix Topology Constraints
Phase 2.1 Fix Topology Constraints | Checksum: 20bcded14

Time (s): cpu = 00:00:15 ; elapsed = 00:00:15 . Memory (MB): peak = 1798.523 ; gain = 118.867

Phase 2.2 Pre Route Cleanup
Phase 2.2 Pre Route Cleanup | Checksum: 20bcded14

Time (s): cpu = 00:00:15 ; elapsed = 00:00:15 . Memory (MB): peak = 1798.523 ; gain = 118.867
 Number of Nodes with overlaps = 0

Phase 2.3 Update Timing
Phase 2.3 Update Timing | Checksum: 226d3b79b

Time (s): cpu = 00:00:16 ; elapsed = 00:00:16 . Memory (MB): peak = 1841.770 ; gain = 162.113
INFO: [Route 35-416] Intermediate Timing Summary | WNS=-6.090 | TNS=-1766.380| WHS=-0.026 | THS=-0.043 |


Router Utilization Summary
  Global Vertical Routing Utilization    = 0.431823 %
  Global Horizontal Routing Utilization  = 0.056266 %
  Routable Net Status*
  *Does not include unroutable nets such as driverless and loadless.
  Run report_route_status for detailed report.
  Number of Failed Nets               = 759
    (Failed Nets is the sum of unrouted and partially routed nets)
  Number of Unrouted Nets             = 260
  Number of Partially Routed Nets     = 499
  Number of Node Overlaps             = 557

Phase 2 Router Initialization | Checksum: 291aa543f

Time (s): cpu = 00:00:16 ; elapsed = 00:00:16 . Memory (MB): peak = 1841.770 ; gain = 162.113

Phase 3 Global Routing
Phase 3 Global Routing | Checksum: 291aa543f

Time (s): cpu = 00:00:16 ; elapsed = 00:00:16 . Memory (MB): peak = 1841.770 ; gain = 162.113

Phase 4 Initial Routing

Phase 4.1 Initial Net Routing Pass
Phase 4.1 Initial Net Routing Pass | Checksum: 320fb1030

Time (s): cpu = 00:00:17 ; elapsed = 00:00:16 . Memory (MB): peak = 1841.770 ; gain = 162.113
Phase 4 Initial Routing | Checksum: 320fb1030

Time (s): cpu = 00:00:17 ; elapsed = 00:00:16 . Memory (MB): peak = 1841.770 ; gain = 162.113

Phase 5 Rip-up And Reroute

Phase 5.1 Global Iteration 0
 Number of Nodes with overlaps = 4
 Number of Nodes with overlaps = 0
INFO: [Route 35-416] Intermediate Timing Summary | WNS=-6.094 | TNS=-2058.164| WHS=N/A    | THS=N/A    |

Phase 5.1 Global Iteration 0 | Checksum: 31ca9c98d

Time (s): cpu = 00:00:17 ; elapsed = 00:00:16 . Memory (MB): peak = 1872.176 ; gain = 192.520

Phase 5.2 Global Iteration 1
 Number of Nodes with overlaps = 2
 Number of Nodes with overlaps = 0
INFO: [Route 35-416] Intermediate Timing Summary | WNS=-6.094 | TNS=-2058.164| WHS=N/A    | THS=N/A    |

Phase 5.2 Global Iteration 1 | Checksum: 2599a7c80

Time (s): cpu = 00:00:17 ; elapsed = 00:00:16 . Memory (MB): peak = 1872.176 ; gain = 192.520
Phase 5 Rip-up And Reroute | Checksum: 2599a7c80

Time (s): cpu = 00:00:17 ; elapsed = 00:00:16 . Memory (MB): peak = 1872.176 ; gain = 192.520

Phase 6 Delay and Skew Optimization

Phase 6.1 Delay CleanUp

Phase 6.1.1 Update Timing
Phase 6.1.1 Update Timing | Checksum: 1bf4ecefd

Time (s): cpu = 00:00:17 ; elapsed = 00:00:16 . Memory (MB): peak = 1872.176 ; gain = 192.520
INFO: [Route 35-416] Intermediate Timing Summary | WNS=-6.094 | TNS=-2044.854| WHS=N/A    | THS=N/A    |

 Number of Nodes with overlaps = 0
Phase 6.1 Delay CleanUp | Checksum: 2f5ab641f

Time (s): cpu = 00:00:17 ; elapsed = 00:00:16 . Memory (MB): peak = 1872.176 ; gain = 192.520

Phase 6.2 Clock Skew Optimization
Phase 6.2 Clock Skew Optimization | Checksum: 2f5ab641f

Time (s): cpu = 00:00:17 ; elapsed = 00:00:16 . Memory (MB): peak = 1872.176 ; gain = 192.520
Phase 6 Delay and Skew Optimization | Checksum: 2f5ab641f

Time (s): cpu = 00:00:17 ; elapsed = 00:00:16 . Memory (MB): peak = 1872.176 ; gain = 192.520

Phase 7 Post Hold Fix

Phase 7.1 Hold Fix Iter
INFO: [Route 35-416] Intermediate Timing Summary | WNS=-6.094 | TNS=-2023.765| WHS=0.116  | THS=0.000  |

Phase 7.1 Hold Fix Iter | Checksum: 313ccfeae

Time (s): cpu = 00:00:17 ; elapsed = 00:00:16 . Memory (MB): peak = 1872.176 ; gain = 192.520
Phase 7 Post Hold Fix | Checksum: 313ccfeae

Time (s): cpu = 00:00:17 ; elapsed = 00:00:16 . Memory (MB): peak = 1872.176 ; gain = 192.520

Phase 8 Route finalize

Router Utilization Summary
  Global Vertical Routing Utilization    = 0.614136 %
  Global Horizontal Routing Utilization  = 0.192597 %
  Routable Net Status*
  *Does not include unroutable nets such as driverless and loadless.
  Run report_route_status for detailed report.
  Number of Failed Nets               = 0
    (Failed Nets is the sum of unrouted and partially routed nets)
  Number of Unrouted Nets             = 0
  Number of Partially Routed Nets     = 0
  Number of Node Overlaps             = 0


--GLOBAL Congestion:
Utilization threshold used for congestion level computation: 0.85
Congestion Report
North Dir 1x1 Area, Max Cong = 67.5676%, No Congested Regions.
South Dir 1x1 Area, Max Cong = 55.8559%, No Congested Regions.
East Dir 1x1 Area, Max Cong = 22.0588%, No Congested Regions.
West Dir 1x1 Area, Max Cong = 23.5294%, No Congested Regions.

------------------------------
Reporting congestion hotspots
------------------------------
Direction: North
----------------
Congested clusters found at Level 0
Effective congestion level: 0 Aspect Ratio: 1 Sparse Ratio: 0
Direction: South
----------------
Congested clusters found at Level 0
Effective congestion level: 0 Aspect Ratio: 1 Sparse Ratio: 0
Direction: East
----------------
Congested clusters found at Level 0
Effective congestion level: 0 Aspect Ratio: 1 Sparse Ratio: 0
Direction: West
----------------
Congested clusters found at Level 0
Effective congestion level: 0 Aspect Ratio: 1 Sparse Ratio: 0

Phase 8 Route finalize | Checksum: 313ccfeae

Time (s): cpu = 00:00:17 ; elapsed = 00:00:16 . Memory (MB): peak = 1872.176 ; gain = 192.520

Phase 9 Verifying routed nets

 Verification completed successfully
Phase 9 Verifying routed nets | Checksum: 313ccfeae

Time (s): cpu = 00:00:17 ; elapsed = 00:00:16 . Memory (MB): peak = 1872.176 ; gain = 192.520

Phase 10 Depositing Routes
Phase 10 Depositing Routes | Checksum: 2c82f92a0

Time (s): cpu = 00:00:17 ; elapsed = 00:00:16 . Memory (MB): peak = 1872.176 ; gain = 192.520

Phase 11 Post Process Routing
Phase 11 Post Process Routing | Checksum: 2c82f92a0

Time (s): cpu = 00:00:17 ; elapsed = 00:00:16 . Memory (MB): peak = 1872.176 ; gain = 192.520

Phase 12 Post Router Timing
INFO: [Route 35-57] Estimated Timing Summary | WNS=-6.094 | TNS=-2023.765| WHS=0.116  | THS=0.000  |

WARNING: [Route 35-328] Router estimated timing not met.
Resolution: For a complete and accurate timing signoff, report_timing_summary must be run after route_design. Alternatively, route_design can be run with the -timing_summary option to enable a complete timing signoff at the end of route_design.
Phase 12 Post Router Timing | Checksum: 2c82f92a0

Time (s): cpu = 00:00:17 ; elapsed = 00:00:16 . Memory (MB): peak = 1872.176 ; gain = 192.520
Total Elapsed time in route_design: 16.181 secs

Phase 13 Post-Route Event Processing
Phase 13 Post-Route Event Processing | Checksum: 11f934c14

Time (s): cpu = 00:00:17 ; elapsed = 00:00:16 . Memory (MB): peak = 1872.176 ; gain = 192.520
INFO: [Route 35-16] Router Completed Successfully
Ending Routing Task | Checksum: 11f934c14

Time (s): cpu = 00:00:17 ; elapsed = 00:00:16 . Memory (MB): peak = 1872.176 ; gain = 192.520

Routing Is Done.
INFO: [Common 17-83] Releasing license: Implementation
376 Infos, 2 Warnings, 0 Critical Warnings and 0 Errors encountered.
route_design completed successfully
route_design: Time (s): cpu = 00:00:18 ; elapsed = 00:00:16 . Memory (MB): peak = 1872.176 ; gain = 203.879
INFO: [Vivado 12-24828] Executing command : report_drc -file Top_drc_routed.rpt -pb Top_drc_routed.pb -rpx Top_drc_routed.rpx
Command: report_drc -file Top_drc_routed.rpt -pb Top_drc_routed.pb -rpx Top_drc_routed.rpx
INFO: [IP_Flow 19-1839] IP Catalog is up to date.
INFO: [DRC 23-27] Running DRC with 2 threads
INFO: [Vivado_Tcl 2-168] The results of DRC are in file C:/Users/night/Desktop/EECS443-FinalProject/waveform_generator/waveform_generator.runs/impl_1/Top_drc_routed.rpt.
report_drc completed successfully
INFO: [Vivado 12-24828] Executing command : report_methodology -file Top_methodology_drc_routed.rpt -pb Top_methodology_drc_routed.pb -rpx Top_methodology_drc_routed.rpx
Command: report_methodology -file Top_methodology_drc_routed.rpt -pb Top_methodology_drc_routed.pb -rpx Top_methodology_drc_routed.rpx
INFO: [Timing 38-35] Done setting XDC timing constraints.
INFO: [DRC 23-133] Running Methodology with 2 threads
INFO: [Vivado_Tcl 2-1520] The results of Report Methodology are in file C:/Users/night/Desktop/EECS443-FinalProject/waveform_generator/waveform_generator.runs/impl_1/Top_methodology_drc_routed.rpt.
report_methodology completed successfully
INFO: [Vivado 12-24828] Executing command : report_timing_summary -max_paths 10 -report_unconstrained -file Top_timing_summary_routed.rpt -pb Top_timing_summary_routed.pb -rpx Top_timing_summary_routed.rpx -warn_on_violation 
INFO: [Timing 38-35] Done setting XDC timing constraints.
INFO: [Timing 38-91] UpdateTimingParams: Speed grade: -1, Delay Type: min_max.
INFO: [Timing 38-191] Multithreading enabled for timing update using a maximum of 2 CPUs
CRITICAL WARNING: [Timing 38-282] The design failed to meet the timing requirements. Please see the timing summary report for details on the timing violations.
INFO: [Vivado 12-24838] Running report commands "report_incremental_reuse, report_route_status" in parallel.
Running report generation with 2 threads.
INFO: [Vivado 12-24828] Executing command : report_incremental_reuse -file Top_incremental_reuse_routed.rpt
INFO: [Vivado_Tcl 4-1062] Incremental flow is disabled. No incremental reuse Info to report.
INFO: [Vivado 12-24828] Executing command : report_route_status -file Top_route_status.rpt -pb Top_route_status.pb
INFO: [Vivado 12-24828] Executing command : report_power -file Top_power_routed.rpt -pb Top_power_summary_routed.pb -rpx Top_power_routed.rpx
Command: report_power -file Top_power_routed.rpt -pb Top_power_summary_routed.pb -rpx Top_power_routed.rpx
Running Vector-less Activity Propagation...

Finished Running Vector-less Activity Propagation
WARNING: [Power 33-332] Found switching activity that implies high-fanout reset nets being asserted for excessive periods of time which may result in inaccurate power analysis.
Resolution: To review and fix problems, please run Power Constraints Advisor in the GUI from Tools > Power Constraints Advisor or run report_power with the -advisory option to generate a text report.
393 Infos, 3 Warnings, 1 Critical Warnings and 0 Errors encountered.
report_power completed successfully
INFO: [Vivado 12-24828] Executing command : report_clock_utilization -file Top_clock_utilization_routed.rpt
INFO: [Vivado 12-24828] Executing command : report_bus_skew -warn_on_violation -file Top_bus_skew_routed.rpt -pb Top_bus_skew_routed.pb -rpx Top_bus_skew_routed.rpx
INFO: [Timing 38-91] UpdateTimingParams: Speed grade: -1, Delay Type: min_max.
INFO: [Timing 38-191] Multithreading enabled for timing update using a maximum of 2 CPUs
Write ShapeDB Complete: Time (s): cpu = 00:00:00 ; elapsed = 00:00:00.001 . Memory (MB): peak = 1901.023 ; gain = 0.000
INFO: [Timing 38-480] Writing timing data to binary archive.
Wrote PlaceDB: Time (s): cpu = 00:00:00 ; elapsed = 00:00:00.043 . Memory (MB): peak = 1901.023 ; gain = 0.000
Wrote PulsedLatchDB: Time (s): cpu = 00:00:00 ; elapsed = 00:00:00 . Memory (MB): peak = 1901.023 ; gain = 0.000
Writing XDEF routing.
Writing XDEF routing logical nets.
Writing XDEF routing special nets.
Wrote RouteStorage: Time (s): cpu = 00:00:00 ; elapsed = 00:00:00.014 . Memory (MB): peak = 1901.023 ; gain = 0.000
Wrote Netlist Cache: Time (s): cpu = 00:00:00 ; elapsed = 00:00:00.001 . Memory (MB): peak = 1901.023 ; gain = 0.000
Wrote Device Cache: Time (s): cpu = 00:00:00 ; elapsed = 00:00:00.004 . Memory (MB): peak = 1901.023 ; gain = 0.000
Write Physdb Complete: Time (s): cpu = 00:00:00 ; elapsed = 00:00:00.066 . Memory (MB): peak = 1901.023 ; gain = 0.000
INFO: [Common 17-1381] The checkpoint 'C:/Users/night/Desktop/EECS443-FinalProject/waveform_generator/waveform_generator.runs/impl_1/Top_routed.dcp' has been generated.
Command: write_bitstream -force Top.bit
Attempting to get a license for feature 'Implementation' and/or device 'xc7a100t'
INFO: [Common 17-349] Got license for feature 'Implementation' and/or device 'xc7a100t'
Running DRC as a precondition to command write_bitstream
INFO: [IP_Flow 19-1839] IP Catalog is up to date.
INFO: [DRC 23-27] Running DRC with 2 threads
INFO: [Vivado 12-3199] DRC finished with 0 Errors
INFO: [Vivado 12-3200] Please refer to the DRC report (report_drc) for more information.
INFO: [Designutils 20-2272] Running write_bitstream with 2 threads.
Loading data files...
Loading site data...
Loading route data...
Processing options...
Creating bitmap...
Creating bitstream...
Writing bitstream ./Top.bit...
INFO: [Vivado 12-1842] Bitgen Completed Successfully.
INFO: [Project 1-1876] WebTalk data collection is mandatory when using a ULT device. To see the specific WebTalk data collected for your design, open the usage_statistics_webtalk.html or usage_statistics_webtalk.xml file in the implementation directory.
INFO: [Common 17-83] Releasing license: Implementation
408 Infos, 3 Warnings, 1 Critical Warnings and 0 Errors encountered.
write_bitstream completed successfully
write_bitstream: Time (s): cpu = 00:00:07 ; elapsed = 00:00:06 . Memory (MB): peak = 2406.289 ; gain = 505.266
INFO: [Common 17-206] Exiting Vivado at Tue May  5 20:50:32 2026...
