#-----------------------------------------------------------
# Vivado v2024.2 (64-bit)
# SW Build 5239630 on Fri Nov 08 22:35:27 MST 2024
# IP Build 5239520 on Sun Nov 10 16:12:51 MST 2024
# SharedData Build 5239561 on Fri Nov 08 14:39:27 MST 2024
# Start of session at: Tue May  5 20:44:57 2026
# Process ID         : 32680
# Current directory  : C:/Users/night/Desktop/EECS443-FinalProject/waveform_generator
# Command line       : vivado.exe -gui_launcher_event rodinguilauncherevent49960 C:\Users\night\Desktop\EECS443-FinalProject\waveform_generator\waveform_generator.xpr
# Log file           : C:/Users/night/Desktop/EECS443-FinalProject/waveform_generator/vivado.log
# Journal file       : C:/Users/night/Desktop/EECS443-FinalProject/waveform_generator\vivado.jou
# Running On         : AgeOfMachine
# Platform           : Windows Server 2016 or Windows 10
# Operating System   : 26200
# Processor Detail   : AMD Ryzen 7 9700X 8-Core Processor             
# CPU Frequency      : 3793 MHz
# CPU Physical cores : 8
# CPU Logical cores  : 16
# Host memory        : 33408 MB
# Swap memory        : 3250 MB
# Total Virtual      : 36659 MB
# Available Virtual  : 4880 MB
#-----------------------------------------------------------
start_gui
open_project C:/Users/night/Desktop/EECS443-FinalProject/waveform_generator/waveform_generator.xpr
INFO: [Project 1-313] Project file moved from 'C:/Users/t397j696/Desktop/EECS443-FinalProject/waveform_generator' since last save.
INFO: [filemgmt 56-3] Default IP Output Path : Could not find the directory 'C:/Users/night/Desktop/EECS443-FinalProject/waveform_generator/waveform_generator.gen/sources_1'.
Scanning sources...
Finished scanning sources
INFO: [IP_Flow 19-234] Refreshing IP repositories
INFO: [IP_Flow 19-1704] No user IP repositories specified
INFO: [IP_Flow 19-2313] Loaded Vivado IP repository 'C:/Xilinx/Vivado/2024.2/data/ip'.
