#-----------------------------------------------------------
# Vivado v2024.2 (64-bit)
# SW Build 5239630 on Fri Nov 08 22:35:27 MST 2024
# IP Build 5239520 on Sun Nov 10 16:12:51 MST 2024
# SharedData Build 5239561 on Fri Nov 08 14:39:27 MST 2024
# Start of session at: Tue May  5 20:33:33 2026
# Process ID         : 45228
# Current directory  : C:/Users/night/Desktop/EECS443-FinalProject/waveform_generator
# Command line       : vivado.exe -gui_launcher_event rodinguilauncherevent22372 C:\Users\night\Desktop\EECS443-FinalProject\waveform_generator\waveform_generator.xpr
# Log file           : C:/Users/night/Desktop/EECS443-FinalProject/waveform_generator/vivado.log
# Journal file       : C:/Users/night/Desktop/EECS443-FinalProject/waveform_generator\vivado.jou
# Running On         : AgeOfMachine
# Platform           : Windows Server 2016 or Windows 10
# Operating System   : 26200
# Processor Detail   : AMD Ryzen 7 9700X 8-Core Processor             
# CPU Frequency      : 3793 MHz
# CPU Physical cores : 8
# CPU Logical cores  : 16
# Host memory        : 33408 MB
# Swap memory        : 3250 MB
# Total Virtual      : 36659 MB
# Available Virtual  : 5280 MB
#-----------------------------------------------------------
start_gui
open_project C:/Users/night/Desktop/EECS443-FinalProject/waveform_generator/waveform_generator.xpr
INFO: [Project 1-313] Project file moved from 'C:/Users/t397j696/Desktop/EECS443-FinalProject/waveform_generator' since last save.
INFO: [filemgmt 56-3] Default IP Output Path : Could not find the directory 'C:/Users/night/Desktop/EECS443-FinalProject/waveform_generator/waveform_generator.gen/sources_1'.
Scanning sources...
Finished scanning sources
INFO: [IP_Flow 19-234] Refreshing IP repositories
INFO: [IP_Flow 19-1704] No user IP repositories specified
INFO: [IP_Flow 19-2313] Loaded Vivado IP repository 'C:/Xilinx/Vivado/2024.2/data/ip'.
reset_run synth_1
INFO: [Project 1-1161] Replacing file C:/Users/night/Desktop/EECS443-FinalProject/waveform_generator/waveform_generator.srcs/utils_1/imports/synth_1/Top.dcp with file C:/Users/night/Desktop/EECS443-FinalProject/waveform_generator/waveform_generator.runs/synth_1/Top.dcp
update_compile_order -fileset sources_1
launch_runs impl_1 -to_step write_bitstream -jobs 8
[Tue May  5 20:33:45 2026] Launched synth_1...
Run output will be captured here: C:/Users/night/Desktop/EECS443-FinalProject/waveform_generator/waveform_generator.runs/synth_1/runme.log
[Tue May  5 20:33:45 2026] Launched impl_1...
Run output will be captured here: C:/Users/night/Desktop/EECS443-FinalProject/waveform_generator/waveform_generator.runs/impl_1/runme.log
launch_simulation
Command: launch_simulation 
INFO: [Vivado 12-12493] Simulation top is 'Top_tb'
WARNING: [Vivado 12-13340] Unable to auto find GCC executables from simulator install path! (path not set)
INFO: [Vivado 12-5682] Launching behavioral simulation in 'C:/Users/night/Desktop/EECS443-FinalProject/waveform_generator/waveform_generator.sim/sim_1/behav/xsim'
INFO: [SIM-utils-51] Simulation object is 'sim_1'
INFO: [SIM-utils-72] Using boost library from 'C:/Xilinx/Vivado/2024.2/tps/boost_1_72_0'
INFO: [SIM-utils-54] Inspecting design source files for 'Top_tb' in fileset 'sim_1'...
INFO: [USF-XSim-97] Finding global include files...
INFO: [USF-XSim-98] Fetching design files from 'sim_1'...
INFO: [USF-XSim-2] XSim::Compile design
INFO: [USF-XSim-61] Executing 'COMPILE and ANALYZE' step in 'C:/Users/night/Desktop/EECS443-FinalProject/waveform_generator/waveform_generator.sim/sim_1/behav/xsim'
"xvhdl --incr --relax -prj Top_tb_vhdl.prj"
INFO: [VRFC 10-163] Analyzing VHDL file "C:/Users/night/Desktop/EECS443-FinalProject/waveform_generator/waveform_generator.srcs/sources_1/new/PhaseAccumulator.vhd" into library xil_defaultlib
INFO: [VRFC 10-3107] analyzing entity 'PhaseAccumulator'
INFO: [VRFC 10-163] Analyzing VHDL file "C:/Users/night/Desktop/EECS443-FinalProject/waveform_generator/waveform_generator.srcs/sources_1/new/Rectangle.vhd" into library xil_defaultlib
INFO: [VRFC 10-3107] analyzing entity 'Rectangle'
INFO: [VRFC 10-163] Analyzing VHDL file "C:/Users/night/Desktop/EECS443-FinalProject/waveform_generator/waveform_generator.srcs/sources_1/new/Sawtooth.vhd" into library xil_defaultlib
INFO: [VRFC 10-3107] analyzing entity 'Sawtooth'
INFO: [VRFC 10-163] Analyzing VHDL file "C:/Users/night/Desktop/EECS443-FinalProject/waveform_generator/waveform_generator.srcs/sources_1/new/Sine.vhd" into library xil_defaultlib
INFO: [VRFC 10-3107] analyzing entity 'Sine'
INFO: [VRFC 10-163] Analyzing VHDL file "C:/Users/night/Desktop/EECS443-FinalProject/waveform_generator/waveform_generator.srcs/sources_1/new/Top.vhd" into library xil_defaultlib
INFO: [VRFC 10-3107] analyzing entity 'Top'
INFO: [VRFC 10-163] Analyzing VHDL file "C:/Users/night/Desktop/EECS443-FinalProject/waveform_generator/waveform_generator.srcs/sources_1/new/Triangle.vhd" into library xil_defaultlib
INFO: [VRFC 10-3107] analyzing entity 'Triangle'
INFO: [VRFC 10-163] Analyzing VHDL file "C:/Users/night/Desktop/EECS443-FinalProject/waveform_generator/waveform_generator.srcs/sim_1/new/Top_tb.vhd" into library xil_defaultlib
INFO: [VRFC 10-3107] analyzing entity 'Top_tb'
INFO: [USF-XSim-69] 'compile' step finished in '1' seconds
INFO: [USF-XSim-3] XSim::Elaborate design
INFO: [USF-XSim-61] Executing 'ELABORATE' step in 'C:/Users/night/Desktop/EECS443-FinalProject/waveform_generator/waveform_generator.sim/sim_1/behav/xsim'
"xelab --incr --debug typical --relax --mt 2 -L xil_defaultlib -L secureip --snapshot Top_tb_behav xil_defaultlib.Top_tb -log elaborate.log"
Vivado Simulator v2024.2.0
Copyright 1986-2022 Xilinx, Inc. All Rights Reserved.
Copyright 2022-2024 Advanced Micro Devices, Inc. All Rights Reserved.
Running: C:/Xilinx/Vivado/2024.2/bin/unwrapped/win64.o/xelab.exe --incr --debug typical --relax --mt 2 -L xil_defaultlib -L secureip --snapshot Top_tb_behav xil_defaultlib.Top_tb -log elaborate.log 
Using 2 slave threads.
Starting static elaboration
WARNING: [VRFC 10-4940] 'clock_divider' remains a black box since it has no binding entity [C:/Users/night/Desktop/EECS443-FinalProject/waveform_generator/waveform_generator.srcs/sources_1/new/Top.vhd:103]
Completed static elaboration
Starting simulation data flow analysis
Completed simulation data flow analysis
Time Resolution for simulation is 1ps
Compiling package std.standard
Compiling package std.textio
Compiling package ieee.std_logic_1164
Compiling package ieee.numeric_std
Compiling architecture behavioral of entity xil_defaultlib.PhaseAccumulator [phaseaccumulator_default]
Compiling architecture behavioral of entity xil_defaultlib.Rectangle [rectangle_default]
Compiling architecture behavioral of entity xil_defaultlib.Sawtooth [sawtooth_default]
Compiling architecture behavioral of entity xil_defaultlib.Sine [sine_default]
Compiling architecture behavioral of entity xil_defaultlib.Triangle [triangle_default]
Compiling architecture behavioral of entity xil_defaultlib.Top [top_default]
Compiling architecture behavioral of entity xil_defaultlib.top_tb
Built simulation snapshot Top_tb_behav
INFO: [USF-XSim-69] 'elaborate' step finished in '1' seconds
INFO: [USF-XSim-4] XSim::Simulate design
INFO: [USF-XSim-61] Executing 'SIMULATE' step in 'C:/Users/night/Desktop/EECS443-FinalProject/waveform_generator/waveform_generator.sim/sim_1/behav/xsim'
INFO: [USF-XSim-98] *** Running xsim
   with args "Top_tb_behav -key {Behavioral:sim_1:Functional:Top_tb} -tclbatch {Top_tb.tcl} -view {C:/Users/night/Desktop/EECS443-FinalProject/waveform_generator/Top_tb_behav.wcfg} -log {simulate.log}"
INFO: [USF-XSim-8] Loading simulator feature
Time resolution is 1 ps
open_wave_config C:/Users/night/Desktop/EECS443-FinalProject/waveform_generator/Top_tb_behav.wcfg
WARNING: Simulation object /Top_tb/sel was not found in the design.
source Top_tb.tcl
# set curr_wave [current_wave_config]
# if { [string length $curr_wave] == 0 } {
#   if { [llength [get_objects]] > 0} {
#     add_wave /
#     set_property needs_save false [current_wave_config]
#   } else {
#      send_msg_id Add_Wave-1 WARNING "No top level signals found. Simulator will start without a wave window. If you want to open a wave window go to 'File->New Waveform Configuration' or type 'create_wave_config' in the TCL console."
#   }
# }
# run 40us
INFO: [USF-XSim-96] XSim completed. Design snapshot 'Top_tb_behav' loaded.
INFO: [USF-XSim-97] XSim simulation ran for 40us
close_sim
INFO: [Simtcl 6-16] Simulation closed
exit
INFO: [Common 17-206] Exiting Vivado at Tue May  5 20:35:11 2026...
